E:\Games\Epsilon\_retail_\Interface\AddOns\Omega_Hub\Modules\Dice\Tools\blender_dice.py:22: DeprecationWarning: 'Material.use_nodes' is expected to be removed in Blender 6.0
  mat=bpy.data.materials.new(name);mat.diffuse_color=(*color,1);mat.use_nodes=True
00:01.219  render           | Saved: 'E:\Games\Epsilon\_retail_\Interface\AddOns\Omega_Hub\Modules\Dice\Media\Numbered\d20\roll-00.png'
00:01.281  render           | Saved: 'E:\Games\Epsilon\_retail_\Interface\AddOns\Omega_Hub\Modules\Dice\Media\Numbered\d20\roll-01.png'
00:01.359  render           | Saved: 'E:\Games\Epsilon\_retail_\Interface\AddOns\Omega_Hub\Modules\Dice\Media\Numbered\d20\roll-02.png'
00:01.422  render           | Saved: 'E:\Games\Epsilon\_retail_\Interface\AddOns\Omega_Hub\Modules\Dice\Media\Numbered\d20\roll-03.png'
00:01.484  render           | Saved: 'E:\Games\Epsilon\_retail_\Interface\AddOns\Omega_Hub\Modules\Dice\Media\Numbered\d20\roll-04.png'
00:01.562  render           | Saved: 'E:\Games\Epsilon\_retail_\Interface\AddOns\Omega_Hub\Modules\Dice\Media\Numbered\d20\roll-05.png'
00:01.625  render           | Saved: 'E:\Games\Epsilon\_retail_\Interface\AddOns\Omega_Hub\Modules\Dice\Media\Numbered\d20\roll-06.png'
00:01.703  render           | Saved: 'E:\Games\Epsilon\_retail_\Interface\AddOns\Omega_Hub\Modules\Dice\Media\Numbered\d20\roll-07.png'
00:01.765  render           | Saved: 'E:\Games\Epsilon\_retail_\Interface\AddOns\Omega_Hub\Modules\Dice\Media\Numbered\d20\roll-08.png'
00:01.844  render           | Saved: 'E:\Games\Epsilon\_retail_\Interface\AddOns\Omega_Hub\Modules\Dice\Media\Numbered\d20\roll-09.png'
00:01.906  render           | Saved: 'E:\Games\Epsilon\_retail_\Interface\AddOns\Omega_Hub\Modules\Dice\Media\Numbered\d20\roll-10.png'
00:01.969  render           | Saved: 'E:\Games\Epsilon\_retail_\Interface\AddOns\Omega_Hub\Modules\Dice\Media\Numbered\d20\roll-11.png'
00:02.031  render           | Saved: 'E:\Games\Epsilon\_retail_\Interface\AddOns\Omega_Hub\Modules\Dice\Media\Numbered\d20\roll-12.png'
00:02.094  render           | Saved: 'E:\Games\Epsilon\_retail_\Interface\AddOns\Omega_Hub\Modules\Dice\Media\Numbered\d20\roll-13.png'
00:02.172  render           | Saved: 'E:\Games\Epsilon\_retail_\Interface\AddOns\Omega_Hub\Modules\Dice\Media\Numbered\d20\roll-14.png'
00:02.234  render           | Saved: 'E:\Games\Epsilon\_retail_\Interface\AddOns\Omega_Hub\Modules\Dice\Media\Numbered\d20\roll-15.png'
00:02.312  render           | Saved: 'E:\Games\Epsilon\_retail_\Interface\AddOns\Omega_Hub\Modules\Dice\Media\Numbered\d20\roll-16.png'
00:02.375  render           | Saved: 'E:\Games\Epsilon\_retail_\Interface\AddOns\Omega_Hub\Modules\Dice\Media\Numbered\d20\roll-17.png'
00:02.437  render           | Saved: 'E:\Games\Epsilon\_retail_\Interface\AddOns\Omega_Hub\Modules\Dice\Media\Numbered\d20\roll-18.png'
00:02.500  render           | Saved: 'E:\Games\Epsilon\_retail_\Interface\AddOns\Omega_Hub\Modules\Dice\Media\Numbered\d20\roll-19.png'
00:02.562  render           | Saved: 'E:\Games\Epsilon\_retail_\Interface\AddOns\Omega_Hub\Modules\Dice\Media\Numbered\d20\roll-20.png'
00:02.640  render           | Saved: 'E:\Games\Epsilon\_retail_\Interface\AddOns\Omega_Hub\Modules\Dice\Media\Numbered\d20\roll-21.png'
00:02.703  render           | Saved: 'E:\Games\Epsilon\_retail_\Interface\AddOns\Omega_Hub\Modules\Dice\Media\Numbered\d20\roll-22.png'
00:02.781  render           | Saved: 'E:\Games\Epsilon\_retail_\Interface\AddOns\Omega_Hub\Modules\Dice\Media\Numbered\d20\roll-23.png'
00:02.844  render           | Saved: 'E:\Games\Epsilon\_retail_\Interface\AddOns\Omega_Hub\Modules\Dice\Media\Numbered\d20\roll-24.png'
00:02.922  render           | Saved: 'E:\Games\Epsilon\_retail_\Interface\AddOns\Omega_Hub\Modules\Dice\Media\Numbered\d20\roll-25.png'
00:02.984  render           | Saved: 'E:\Games\Epsilon\_retail_\Interface\AddOns\Omega_Hub\Modules\Dice\Media\Numbered\d20\roll-26.png'
00:03.062  render           | Saved: 'E:\Games\Epsilon\_retail_\Interface\AddOns\Omega_Hub\Modules\Dice\Media\Numbered\d20\roll-27.png'
00:03.140  render           | Saved: 'E:\Games\Epsilon\_retail_\Interface\AddOns\Omega_Hub\Modules\Dice\Media\Numbered\d20\roll-28.png'
00:03.219  render           | Saved: 'E:\Games\Epsilon\_retail_\Interface\AddOns\Omega_Hub\Modules\Dice\Media\Numbered\d20\roll-29.png'
00:03.281  render           | Saved: 'E:\Games\Epsilon\_retail_\Interface\AddOns\Omega_Hub\Modules\Dice\Media\Numbered\d20\roll-30.png'
00:03.359  render           | Saved: 'E:\Games\Epsilon\_retail_\Interface\AddOns\Omega_Hub\Modules\Dice\Media\Numbered\d20\roll-31.png'
00:03.422  render           | Saved: 'E:\Games\Epsilon\_retail_\Interface\AddOns\Omega_Hub\Modules\Dice\Media\Numbered\d20\land-001-00.png'
00:03.500  render           | Saved: 'E:\Games\Epsilon\_retail_\Interface\AddOns\Omega_Hub\Modules\Dice\Media\Numbered\d20\land-001-01.png'
00:03.562  render           | Saved: 'E:\Games\Epsilon\_retail_\Interface\AddOns\Omega_Hub\Modules\Dice\Media\Numbered\d20\land-001-02.png'
00:03.625  render           | Saved: 'E:\Games\Epsilon\_retail_\Interface\AddOns\Omega_Hub\Modules\Dice\Media\Numbered\d20\land-001-03.png'
00:03.703  render           | Saved: 'E:\Games\Epsilon\_retail_\Interface\AddOns\Omega_Hub\Modules\Dice\Media\Numbered\d20\land-001-04.png'
00:03.781  render           | Saved: 'E:\Games\Epsilon\_retail_\Interface\AddOns\Omega_Hub\Modules\Dice\Media\Numbered\d20\land-001-05.png'
00:03.844  render           | Saved: 'E:\Games\Epsilon\_retail_\Interface\AddOns\Omega_Hub\Modules\Dice\Media\Numbered\d20\land-001-06.png'
00:03.922  render           | Saved: 'E:\Games\Epsilon\_retail_\Interface\AddOns\Omega_Hub\Modules\Dice\Media\Numbered\d20\land-001-07.png'
00:03.984  render           | Saved: 'E:\Games\Epsilon\_retail_\Interface\AddOns\Omega_Hub\Modules\Dice\Media\Numbered\d20\land-001-08.png'
00:04.062  render           | Saved: 'E:\Games\Epsilon\_retail_\Interface\AddOns\Omega_Hub\Modules\Dice\Media\Numbered\d20\land-001-09.png'
00:04.125  render           | Saved: 'E:\Games\Epsilon\_retail_\Interface\AddOns\Omega_Hub\Modules\Dice\Media\Numbered\d20\land-001-10.png'
00:04.203  render           | Saved: 'E:\Games\Epsilon\_retail_\Interface\AddOns\Omega_Hub\Modules\Dice\Media\Numbered\d20\land-001-11.png'
00:04.265  render           | Saved: 'E:\Games\Epsilon\_retail_\Interface\AddOns\Omega_Hub\Modules\Dice\Media\Numbered\d20\land-001-12.png'
00:04.328  render           | Saved: 'E:\Games\Epsilon\_retail_\Interface\AddOns\Omega_Hub\Modules\Dice\Media\Numbered\d20\land-001-13.png'
00:04.406  render           | Saved: 'E:\Games\Epsilon\_retail_\Interface\AddOns\Omega_Hub\Modules\Dice\Media\Numbered\d20\land-001-14.png'
00:04.469  render           | Saved: 'E:\Games\Epsilon\_retail_\Interface\AddOns\Omega_Hub\Modules\Dice\Media\Numbered\d20\land-001-15.png'
00:04.531  render           | Saved: 'E:\Games\Epsilon\_retail_\Interface\AddOns\Omega_Hub\Modules\Dice\Media\Numbered\d20\land-002-00.png'
00:04.609  render           | Saved: 'E:\Games\Epsilon\_retail_\Interface\AddOns\Omega_Hub\Modules\Dice\Media\Numbered\d20\land-002-01.png'
00:04.672  render           | Saved: 'E:\Games\Epsilon\_retail_\Interface\AddOns\Omega_Hub\Modules\Dice\Media\Numbered\d20\land-002-02.png'
00:04.750  render           | Saved: 'E:\Games\Epsilon\_retail_\Interface\AddOns\Omega_Hub\Modules\Dice\Media\Numbered\d20\land-002-03.png'
00:04.812  render           | Saved: 'E:\Games\Epsilon\_retail_\Interface\AddOns\Omega_Hub\Modules\Dice\Media\Numbered\d20\land-002-04.png'
00:04.890  render           | Saved: 'E:\Games\Epsilon\_retail_\Interface\AddOns\Omega_Hub\Modules\Dice\Media\Numbered\d20\land-002-05.png'
00:04.953  render           | Saved: 'E:\Games\Epsilon\_retail_\Interface\AddOns\Omega_Hub\Modules\Dice\Media\Numbered\d20\land-002-06.png'
00:05.015  render           | Saved: 'E:\Games\Epsilon\_retail_\Interface\AddOns\Omega_Hub\Modules\Dice\Media\Numbered\d20\land-002-07.png'
00:05.094  render           | Saved: 'E:\Games\Epsilon\_retail_\Interface\AddOns\Omega_Hub\Modules\Dice\Media\Numbered\d20\land-002-08.png'
00:05.172  render           | Saved: 'E:\Games\Epsilon\_retail_\Interface\AddOns\Omega_Hub\Modules\Dice\Media\Numbered\d20\land-002-09.png'
00:05.250  render           | Saved: 'E:\Games\Epsilon\_retail_\Interface\AddOns\Omega_Hub\Modules\Dice\Media\Numbered\d20\land-002-10.png'
00:05.312  render           | Saved: 'E:\Games\Epsilon\_retail_\Interface\AddOns\Omega_Hub\Modules\Dice\Media\Numbered\d20\land-002-11.png'
00:05.390  render           | Saved: 'E:\Games\Epsilon\_retail_\Interface\AddOns\Omega_Hub\Modules\Dice\Media\Numbered\d20\land-002-12.png'
00:05.453  render           | Saved: 'E:\Games\Epsilon\_retail_\Interface\AddOns\Omega_Hub\Modules\Dice\Media\Numbered\d20\land-002-13.png'
00:05.531  render           | Saved: 'E:\Games\Epsilon\_retail_\Interface\AddOns\Omega_Hub\Modules\Dice\Media\Numbered\d20\land-002-14.png'
00:05.594  render           | Saved: 'E:\Games\Epsilon\_retail_\Interface\AddOns\Omega_Hub\Modules\Dice\Media\Numbered\d20\land-002-15.png'
00:05.672  render           | Saved: 'E:\Games\Epsilon\_retail_\Interface\AddOns\Omega_Hub\Modules\Dice\Media\Numbered\d20\land-003-00.png'
00:05.734  render           | Saved: 'E:\Games\Epsilon\_retail_\Interface\AddOns\Omega_Hub\Modules\Dice\Media\Numbered\d20\land-003-01.png'
00:05.812  render           | Saved: 'E:\Games\Epsilon\_retail_\Interface\AddOns\Omega_Hub\Modules\Dice\Media\Numbered\d20\land-003-02.png'
00:05.875  render           | Saved: 'E:\Games\Epsilon\_retail_\Interface\AddOns\Omega_Hub\Modules\Dice\Media\Numbered\d20\land-003-03.png'
00:05.937  render           | Saved: 'E:\Games\Epsilon\_retail_\Interface\AddOns\Omega_Hub\Modules\Dice\Media\Numbered\d20\land-003-04.png'
00:06.015  render           | Saved: 'E:\Games\Epsilon\_retail_\Interface\AddOns\Omega_Hub\Modules\Dice\Media\Numbered\d20\land-003-05.png'
00:06.078  render           | Saved: 'E:\Games\Epsilon\_retail_\Interface\AddOns\Omega_Hub\Modules\Dice\Media\Numbered\d20\land-003-06.png'
00:06.156  render           | Saved: 'E:\Games\Epsilon\_retail_\Interface\AddOns\Omega_Hub\Modules\Dice\Media\Numbered\d20\land-003-07.png'
00:06.234  render           | Saved: 'E:\Games\Epsilon\_retail_\Interface\AddOns\Omega_Hub\Modules\Dice\Media\Numbered\d20\land-003-08.png'
00:06.328  render           | Saved: 'E:\Games\Epsilon\_retail_\Interface\AddOns\Omega_Hub\Modules\Dice\Media\Numbered\d20\land-003-09.png'
00:06.406  render           | Saved: 'E:\Games\Epsilon\_retail_\Interface\AddOns\Omega_Hub\Modules\Dice\Media\Numbered\d20\land-003-10.png'
00:06.500  render           | Saved: 'E:\Games\Epsilon\_retail_\Interface\AddOns\Omega_Hub\Modules\Dice\Media\Numbered\d20\land-003-11.png'
00:06.594  render           | Saved: 'E:\Games\Epsilon\_retail_\Interface\AddOns\Omega_Hub\Modules\Dice\Media\Numbered\d20\land-003-12.png'
00:06.687  render           | Saved: 'E:\Games\Epsilon\_retail_\Interface\AddOns\Omega_Hub\Modules\Dice\Media\Numbered\d20\land-003-13.png'
00:06.781  render           | Saved: 'E:\Games\Epsilon\_retail_\Interface\AddOns\Omega_Hub\Modules\Dice\Media\Numbered\d20\land-003-14.png'
00:06.859  render           | Saved: 'E:\Games\Epsilon\_retail_\Interface\AddOns\Omega_Hub\Modules\Dice\Media\Numbered\d20\land-003-15.png'
00:06.937  render           | Saved: 'E:\Games\Epsilon\_retail_\Interface\AddOns\Omega_Hub\Modules\Dice\Media\Numbered\d20\land-004-00.png'
00:07.000  render           | Saved: 'E:\Games\Epsilon\_retail_\Interface\AddOns\Omega_Hub\Modules\Dice\Media\Numbered\d20\land-004-01.png'
00:07.062  render           | Saved: 'E:\Games\Epsilon\_retail_\Interface\AddOns\Omega_Hub\Modules\Dice\Media\Numbered\d20\land-004-02.png'
00:07.140  render           | Saved: 'E:\Games\Epsilon\_retail_\Interface\AddOns\Omega_Hub\Modules\Dice\Media\Numbered\d20\land-004-03.png'
00:07.203  render           | Saved: 'E:\Games\Epsilon\_retail_\Interface\AddOns\Omega_Hub\Modules\Dice\Media\Numbered\d20\land-004-04.png'
00:07.281  render           | Saved: 'E:\Games\Epsilon\_retail_\Interface\AddOns\Omega_Hub\Modules\Dice\Media\Numbered\d20\land-004-05.png'
00:07.344  render           | Saved: 'E:\Games\Epsilon\_retail_\Interface\AddOns\Omega_Hub\Modules\Dice\Media\Numbered\d20\land-004-06.png'
00:07.422  render           | Saved: 'E:\Games\Epsilon\_retail_\Interface\AddOns\Omega_Hub\Modules\Dice\Media\Numbered\d20\land-004-07.png'
00:07.500  render           | Saved: 'E:\Games\Epsilon\_retail_\Interface\AddOns\Omega_Hub\Modules\Dice\Media\Numbered\d20\land-004-08.png'
00:07.562  render           | Saved: 'E:\Games\Epsilon\_retail_\Interface\AddOns\Omega_Hub\Modules\Dice\Media\Numbered\d20\land-004-09.png'
00:07.640  render           | Saved: 'E:\Games\Epsilon\_retail_\Interface\AddOns\Omega_Hub\Modules\Dice\Media\Numbered\d20\land-004-10.png'
00:07.719  render           | Saved: 'E:\Games\Epsilon\_retail_\Interface\AddOns\Omega_Hub\Modules\Dice\Media\Numbered\d20\land-004-11.png'
00:07.781  render           | Saved: 'E:\Games\Epsilon\_retail_\Interface\AddOns\Omega_Hub\Modules\Dice\Media\Numbered\d20\land-004-12.png'
00:07.844  render           | Saved: 'E:\Games\Epsilon\_retail_\Interface\AddOns\Omega_Hub\Modules\Dice\Media\Numbered\d20\land-004-13.png'
00:07.906  render           | Saved: 'E:\Games\Epsilon\_retail_\Interface\AddOns\Omega_Hub\Modules\Dice\Media\Numbered\d20\land-004-14.png'
00:07.984  render           | Saved: 'E:\Games\Epsilon\_retail_\Interface\AddOns\Omega_Hub\Modules\Dice\Media\Numbered\d20\land-004-15.png'
00:08.047  render           | Saved: 'E:\Games\Epsilon\_retail_\Interface\AddOns\Omega_Hub\Modules\Dice\Media\Numbered\d20\land-005-00.png'
00:08.125  render           | Saved: 'E:\Games\Epsilon\_retail_\Interface\AddOns\Omega_Hub\Modules\Dice\Media\Numbered\d20\land-005-01.png'
00:08.187  render           | Saved: 'E:\Games\Epsilon\_retail_\Interface\AddOns\Omega_Hub\Modules\Dice\Media\Numbered\d20\land-005-02.png'
00:08.250  render           | Saved: 'E:\Games\Epsilon\_retail_\Interface\AddOns\Omega_Hub\Modules\Dice\Media\Numbered\d20\land-005-03.png'
00:08.312  render           | Saved: 'E:\Games\Epsilon\_retail_\Interface\AddOns\Omega_Hub\Modules\Dice\Media\Numbered\d20\land-005-04.png'
00:08.375  render           | Saved: 'E:\Games\Epsilon\_retail_\Interface\AddOns\Omega_Hub\Modules\Dice\Media\Numbered\d20\land-005-05.png'
00:08.437  render           | Saved: 'E:\Games\Epsilon\_retail_\Interface\AddOns\Omega_Hub\Modules\Dice\Media\Numbered\d20\land-005-06.png'
00:08.515  render           | Saved: 'E:\Games\Epsilon\_retail_\Interface\AddOns\Omega_Hub\Modules\Dice\Media\Numbered\d20\land-005-07.png'
00:08.594  render           | Saved: 'E:\Games\Epsilon\_retail_\Interface\AddOns\Omega_Hub\Modules\Dice\Media\Numbered\d20\land-005-08.png'
00:08.672  render           | Saved: 'E:\Games\Epsilon\_retail_\Interface\AddOns\Omega_Hub\Modules\Dice\Media\Numbered\d20\land-005-09.png'
00:08.734  render           | Saved: 'E:\Games\Epsilon\_retail_\Interface\AddOns\Omega_Hub\Modules\Dice\Media\Numbered\d20\land-005-10.png'
00:08.812  render           | Saved: 'E:\Games\Epsilon\_retail_\Interface\AddOns\Omega_Hub\Modules\Dice\Media\Numbered\d20\land-005-11.png'
00:08.875  render           | Saved: 'E:\Games\Epsilon\_retail_\Interface\AddOns\Omega_Hub\Modules\Dice\Media\Numbered\d20\land-005-12.png'
00:08.937  render           | Saved: 'E:\Games\Epsilon\_retail_\Interface\AddOns\Omega_Hub\Modules\Dice\Media\Numbered\d20\land-005-13.png'
00:09.000  render           | Saved: 'E:\Games\Epsilon\_retail_\Interface\AddOns\Omega_Hub\Modules\Dice\Media\Numbered\d20\land-005-14.png'
00:09.062  render           | Saved: 'E:\Games\Epsilon\_retail_\Interface\AddOns\Omega_Hub\Modules\Dice\Media\Numbered\d20\land-005-15.png'
00:09.125  render           | Saved: 'E:\Games\Epsilon\_retail_\Interface\AddOns\Omega_Hub\Modules\Dice\Media\Numbered\d20\land-006-00.png'
00:09.187  render           | Saved: 'E:\Games\Epsilon\_retail_\Interface\AddOns\Omega_Hub\Modules\Dice\Media\Numbered\d20\land-006-01.png'
00:09.265  render           | Saved: 'E:\Games\Epsilon\_retail_\Interface\AddOns\Omega_Hub\Modules\Dice\Media\Numbered\d20\land-006-02.png'
00:09.328  render           | Saved: 'E:\Games\Epsilon\_retail_\Interface\AddOns\Omega_Hub\Modules\Dice\Media\Numbered\d20\land-006-03.png'
00:09.390  render           | Saved: 'E:\Games\Epsilon\_retail_\Interface\AddOns\Omega_Hub\Modules\Dice\Media\Numbered\d20\land-006-04.png'
00:09.469  render           | Saved: 'E:\Games\Epsilon\_retail_\Interface\AddOns\Omega_Hub\Modules\Dice\Media\Numbered\d20\land-006-05.png'
00:09.531  render           | Saved: 'E:\Games\Epsilon\_retail_\Interface\AddOns\Omega_Hub\Modules\Dice\Media\Numbered\d20\land-006-06.png'
00:09.609  render           | Saved: 'E:\Games\Epsilon\_retail_\Interface\AddOns\Omega_Hub\Modules\Dice\Media\Numbered\d20\land-006-07.png'
00:09.672  render           | Saved: 'E:\Games\Epsilon\_retail_\Interface\AddOns\Omega_Hub\Modules\Dice\Media\Numbered\d20\land-006-08.png'
00:09.750  render           | Saved: 'E:\Games\Epsilon\_retail_\Interface\AddOns\Omega_Hub\Modules\Dice\Media\Numbered\d20\land-006-09.png'
00:09.828  render           | Saved: 'E:\Games\Epsilon\_retail_\Interface\AddOns\Omega_Hub\Modules\Dice\Media\Numbered\d20\land-006-10.png'
00:09.890  render           | Saved: 'E:\Games\Epsilon\_retail_\Interface\AddOns\Omega_Hub\Modules\Dice\Media\Numbered\d20\land-006-11.png'
00:09.969  render           | Saved: 'E:\Games\Epsilon\_retail_\Interface\AddOns\Omega_Hub\Modules\Dice\Media\Numbered\d20\land-006-12.png'
00:10.031  render           | Saved: 'E:\Games\Epsilon\_retail_\Interface\AddOns\Omega_Hub\Modules\Dice\Media\Numbered\d20\land-006-13.png'
00:10.094  render           | Saved: 'E:\Games\Epsilon\_retail_\Interface\AddOns\Omega_Hub\Modules\Dice\Media\Numbered\d20\land-006-14.png'
00:10.172  render           | Saved: 'E:\Games\Epsilon\_retail_\Interface\AddOns\Omega_Hub\Modules\Dice\Media\Numbered\d20\land-006-15.png'
00:10.234  render           | Saved: 'E:\Games\Epsilon\_retail_\Interface\AddOns\Omega_Hub\Modules\Dice\Media\Numbered\d20\land-007-00.png'
00:10.312  render           | Saved: 'E:\Games\Epsilon\_retail_\Interface\AddOns\Omega_Hub\Modules\Dice\Media\Numbered\d20\land-007-01.png'
00:10.375  render           | Saved: 'E:\Games\Epsilon\_retail_\Interface\AddOns\Omega_Hub\Modules\Dice\Media\Numbered\d20\land-007-02.png'
00:10.453  render           | Saved: 'E:\Games\Epsilon\_retail_\Interface\AddOns\Omega_Hub\Modules\Dice\Media\Numbered\d20\land-007-03.png'
00:10.531  render           | Saved: 'E:\Games\Epsilon\_retail_\Interface\AddOns\Omega_Hub\Modules\Dice\Media\Numbered\d20\land-007-04.png'
00:10.594  render           | Saved: 'E:\Games\Epsilon\_retail_\Interface\AddOns\Omega_Hub\Modules\Dice\Media\Numbered\d20\land-007-05.png'
00:10.656  render           | Saved: 'E:\Games\Epsilon\_retail_\Interface\AddOns\Omega_Hub\Modules\Dice\Media\Numbered\d20\land-007-06.png'
00:10.734  render           | Saved: 'E:\Games\Epsilon\_retail_\Interface\AddOns\Omega_Hub\Modules\Dice\Media\Numbered\d20\land-007-07.png'
00:10.812  render           | Saved: 'E:\Games\Epsilon\_retail_\Interface\AddOns\Omega_Hub\Modules\Dice\Media\Numbered\d20\land-007-08.png'
00:10.890  render           | Saved: 'E:\Games\Epsilon\_retail_\Interface\AddOns\Omega_Hub\Modules\Dice\Media\Numbered\d20\land-007-09.png'
00:10.969  render           | Saved: 'E:\Games\Epsilon\_retail_\Interface\AddOns\Omega_Hub\Modules\Dice\Media\Numbered\d20\land-007-10.png'
00:11.031  render           | Saved: 'E:\Games\Epsilon\_retail_\Interface\AddOns\Omega_Hub\Modules\Dice\Media\Numbered\d20\land-007-11.png'
00:11.109  render           | Saved: 'E:\Games\Epsilon\_retail_\Interface\AddOns\Omega_Hub\Modules\Dice\Media\Numbered\d20\land-007-12.png'
00:11.187  render           | Saved: 'E:\Games\Epsilon\_retail_\Interface\AddOns\Omega_Hub\Modules\Dice\Media\Numbered\d20\land-007-13.png'
00:11.250  render           | Saved: 'E:\Games\Epsilon\_retail_\Interface\AddOns\Omega_Hub\Modules\Dice\Media\Numbered\d20\land-007-14.png'
00:11.328  render           | Saved: 'E:\Games\Epsilon\_retail_\Interface\AddOns\Omega_Hub\Modules\Dice\Media\Numbered\d20\land-007-15.png'
00:11.390  render           | Saved: 'E:\Games\Epsilon\_retail_\Interface\AddOns\Omega_Hub\Modules\Dice\Media\Numbered\d20\land-008-00.png'
00:11.469  render           | Saved: 'E:\Games\Epsilon\_retail_\Interface\AddOns\Omega_Hub\Modules\Dice\Media\Numbered\d20\land-008-01.png'
00:11.547  render           | Saved: 'E:\Games\Epsilon\_retail_\Interface\AddOns\Omega_Hub\Modules\Dice\Media\Numbered\d20\land-008-02.png'
00:11.609  render           | Saved: 'E:\Games\Epsilon\_retail_\Interface\AddOns\Omega_Hub\Modules\Dice\Media\Numbered\d20\land-008-03.png'
00:11.687  render           | Saved: 'E:\Games\Epsilon\_retail_\Interface\AddOns\Omega_Hub\Modules\Dice\Media\Numbered\d20\land-008-04.png'
00:11.750  render           | Saved: 'E:\Games\Epsilon\_retail_\Interface\AddOns\Omega_Hub\Modules\Dice\Media\Numbered\d20\land-008-05.png'
00:11.828  render           | Saved: 'E:\Games\Epsilon\_retail_\Interface\AddOns\Omega_Hub\Modules\Dice\Media\Numbered\d20\land-008-06.png'
00:11.906  render           | Saved: 'E:\Games\Epsilon\_retail_\Interface\AddOns\Omega_Hub\Modules\Dice\Media\Numbered\d20\land-008-07.png'
00:11.984  render           | Saved: 'E:\Games\Epsilon\_retail_\Interface\AddOns\Omega_Hub\Modules\Dice\Media\Numbered\d20\land-008-08.png'
00:12.047  render           | Saved: 'E:\Games\Epsilon\_retail_\Interface\AddOns\Omega_Hub\Modules\Dice\Media\Numbered\d20\land-008-09.png'
00:12.125  render           | Saved: 'E:\Games\Epsilon\_retail_\Interface\AddOns\Omega_Hub\Modules\Dice\Media\Numbered\d20\land-008-10.png'
00:12.203  render           | Saved: 'E:\Games\Epsilon\_retail_\Interface\AddOns\Omega_Hub\Modules\Dice\Media\Numbered\d20\land-008-11.png'
00:12.281  render           | Saved: 'E:\Games\Epsilon\_retail_\Interface\AddOns\Omega_Hub\Modules\Dice\Media\Numbered\d20\land-008-12.png'
00:12.344  render           | Saved: 'E:\Games\Epsilon\_retail_\Interface\AddOns\Omega_Hub\Modules\Dice\Media\Numbered\d20\land-008-13.png'
00:12.422  render           | Saved: 'E:\Games\Epsilon\_retail_\Interface\AddOns\Omega_Hub\Modules\Dice\Media\Numbered\d20\land-008-14.png'
00:12.500  render           | Saved: 'E:\Games\Epsilon\_retail_\Interface\AddOns\Omega_Hub\Modules\Dice\Media\Numbered\d20\land-008-15.png'
00:12.562  render           | Saved: 'E:\Games\Epsilon\_retail_\Interface\AddOns\Omega_Hub\Modules\Dice\Media\Numbered\d20\land-009-00.png'
00:12.640  render           | Saved: 'E:\Games\Epsilon\_retail_\Interface\AddOns\Omega_Hub\Modules\Dice\Media\Numbered\d20\land-009-01.png'
00:12.719  render           | Saved: 'E:\Games\Epsilon\_retail_\Interface\AddOns\Omega_Hub\Modules\Dice\Media\Numbered\d20\land-009-02.png'
00:12.797  render           | Saved: 'E:\Games\Epsilon\_retail_\Interface\AddOns\Omega_Hub\Modules\Dice\Media\Numbered\d20\land-009-03.png'
00:12.875  render           | Saved: 'E:\Games\Epsilon\_retail_\Interface\AddOns\Omega_Hub\Modules\Dice\Media\Numbered\d20\land-009-04.png'
00:12.953  render           | Saved: 'E:\Games\Epsilon\_retail_\Interface\AddOns\Omega_Hub\Modules\Dice\Media\Numbered\d20\land-009-05.png'
00:13.015  render           | Saved: 'E:\Games\Epsilon\_retail_\Interface\AddOns\Omega_Hub\Modules\Dice\Media\Numbered\d20\land-009-06.png'
00:13.094  render           | Saved: 'E:\Games\Epsilon\_retail_\Interface\AddOns\Omega_Hub\Modules\Dice\Media\Numbered\d20\land-009-07.png'
00:13.172  render           | Saved: 'E:\Games\Epsilon\_retail_\Interface\AddOns\Omega_Hub\Modules\Dice\Media\Numbered\d20\land-009-08.png'
00:13.250  render           | Saved: 'E:\Games\Epsilon\_retail_\Interface\AddOns\Omega_Hub\Modules\Dice\Media\Numbered\d20\land-009-09.png'
00:13.328  render           | Saved: 'E:\Games\Epsilon\_retail_\Interface\AddOns\Omega_Hub\Modules\Dice\Media\Numbered\d20\land-009-10.png'
00:13.390  render           | Saved: 'E:\Games\Epsilon\_retail_\Interface\AddOns\Omega_Hub\Modules\Dice\Media\Numbered\d20\land-009-11.png'
00:13.469  render           | Saved: 'E:\Games\Epsilon\_retail_\Interface\AddOns\Omega_Hub\Modules\Dice\Media\Numbered\d20\land-009-12.png'
00:13.547  render           | Saved: 'E:\Games\Epsilon\_retail_\Interface\AddOns\Omega_Hub\Modules\Dice\Media\Numbered\d20\land-009-13.png'
00:13.625  render           | Saved: 'E:\Games\Epsilon\_retail_\Interface\AddOns\Omega_Hub\Modules\Dice\Media\Numbered\d20\land-009-14.png'
00:13.703  render           | Saved: 'E:\Games\Epsilon\_retail_\Interface\AddOns\Omega_Hub\Modules\Dice\Media\Numbered\d20\land-009-15.png'
00:13.781  render           | Saved: 'E:\Games\Epsilon\_retail_\Interface\AddOns\Omega_Hub\Modules\Dice\Media\Numbered\d20\land-010-00.png'
00:13.859  render           | Saved: 'E:\Games\Epsilon\_retail_\Interface\AddOns\Omega_Hub\Modules\Dice\Media\Numbered\d20\land-010-01.png'
00:13.922  render           | Saved: 'E:\Games\Epsilon\_retail_\Interface\AddOns\Omega_Hub\Modules\Dice\Media\Numbered\d20\land-010-02.png'
00:14.000  render           | Saved: 'E:\Games\Epsilon\_retail_\Interface\AddOns\Omega_Hub\Modules\Dice\Media\Numbered\d20\land-010-03.png'
00:14.078  render           | Saved: 'E:\Games\Epsilon\_retail_\Interface\AddOns\Omega_Hub\Modules\Dice\Media\Numbered\d20\land-010-04.png'
00:14.140  render           | Saved: 'E:\Games\Epsilon\_retail_\Interface\AddOns\Omega_Hub\Modules\Dice\Media\Numbered\d20\land-010-05.png'
00:14.219  render           | Saved: 'E:\Games\Epsilon\_retail_\Interface\AddOns\Omega_Hub\Modules\Dice\Media\Numbered\d20\land-010-06.png'
00:14.297  render           | Saved: 'E:\Games\Epsilon\_retail_\Interface\AddOns\Omega_Hub\Modules\Dice\Media\Numbered\d20\land-010-07.png'
00:14.375  render           | Saved: 'E:\Games\Epsilon\_retail_\Interface\AddOns\Omega_Hub\Modules\Dice\Media\Numbered\d20\land-010-08.png'
00:14.437  render           | Saved: 'E:\Games\Epsilon\_retail_\Interface\AddOns\Omega_Hub\Modules\Dice\Media\Numbered\d20\land-010-09.png'
00:14.515  render           | Saved: 'E:\Games\Epsilon\_retail_\Interface\AddOns\Omega_Hub\Modules\Dice\Media\Numbered\d20\land-010-10.png'
00:14.594  render           | Saved: 'E:\Games\Epsilon\_retail_\Interface\AddOns\Omega_Hub\Modules\Dice\Media\Numbered\d20\land-010-11.png'
00:14.656  render           | Saved: 'E:\Games\Epsilon\_retail_\Interface\AddOns\Omega_Hub\Modules\Dice\Media\Numbered\d20\land-010-12.png'
00:14.734  render           | Saved: 'E:\Games\Epsilon\_retail_\Interface\AddOns\Omega_Hub\Modules\Dice\Media\Numbered\d20\land-010-13.png'
00:14.812  render           | Saved: 'E:\Games\Epsilon\_retail_\Interface\AddOns\Omega_Hub\Modules\Dice\Media\Numbered\d20\land-010-14.png'
00:14.890  render           | Saved: 'E:\Games\Epsilon\_retail_\Interface\AddOns\Omega_Hub\Modules\Dice\Media\Numbered\d20\land-010-15.png'
00:14.969  render           | Saved: 'E:\Games\Epsilon\_retail_\Interface\AddOns\Omega_Hub\Modules\Dice\Media\Numbered\d20\land-011-00.png'
00:15.031  render           | Saved: 'E:\Games\Epsilon\_retail_\Interface\AddOns\Omega_Hub\Modules\Dice\Media\Numbered\d20\land-011-01.png'
00:15.125  render           | Saved: 'E:\Games\Epsilon\_retail_\Interface\AddOns\Omega_Hub\Modules\Dice\Media\Numbered\d20\land-011-02.png'
00:15.187  render           | Saved: 'E:\Games\Epsilon\_retail_\Interface\AddOns\Omega_Hub\Modules\Dice\Media\Numbered\d20\land-011-03.png'
00:15.265  render           | Saved: 'E:\Games\Epsilon\_retail_\Interface\AddOns\Omega_Hub\Modules\Dice\Media\Numbered\d20\land-011-04.png'
00:15.344  render           | Saved: 'E:\Games\Epsilon\_retail_\Interface\AddOns\Omega_Hub\Modules\Dice\Media\Numbered\d20\land-011-05.png'
00:15.406  render           | Saved: 'E:\Games\Epsilon\_retail_\Interface\AddOns\Omega_Hub\Modules\Dice\Media\Numbered\d20\land-011-06.png'
00:15.484  render           | Saved: 'E:\Games\Epsilon\_retail_\Interface\AddOns\Omega_Hub\Modules\Dice\Media\Numbered\d20\land-011-07.png'
00:15.562  render           | Saved: 'E:\Games\Epsilon\_retail_\Interface\AddOns\Omega_Hub\Modules\Dice\Media\Numbered\d20\land-011-08.png'
00:15.640  render           | Saved: 'E:\Games\Epsilon\_retail_\Interface\AddOns\Omega_Hub\Modules\Dice\Media\Numbered\d20\land-011-09.png'
00:15.719  render           | Saved: 'E:\Games\Epsilon\_retail_\Interface\AddOns\Omega_Hub\Modules\Dice\Media\Numbered\d20\land-011-10.png'
00:15.812  render           | Saved: 'E:\Games\Epsilon\_retail_\Interface\AddOns\Omega_Hub\Modules\Dice\Media\Numbered\d20\land-011-11.png'
00:15.875  render           | Saved: 'E:\Games\Epsilon\_retail_\Interface\AddOns\Omega_Hub\Modules\Dice\Media\Numbered\d20\land-011-12.png'
00:15.937  render           | Saved: 'E:\Games\Epsilon\_retail_\Interface\AddOns\Omega_Hub\Modules\Dice\Media\Numbered\d20\land-011-13.png'
00:16.031  render           | Saved: 'E:\Games\Epsilon\_retail_\Interface\AddOns\Omega_Hub\Modules\Dice\Media\Numbered\d20\land-011-14.png'
00:16.109  render           | Saved: 'E:\Games\Epsilon\_retail_\Interface\AddOns\Omega_Hub\Modules\Dice\Media\Numbered\d20\land-011-15.png'
00:16.187  render           | Saved: 'E:\Games\Epsilon\_retail_\Interface\AddOns\Omega_Hub\Modules\Dice\Media\Numbered\d20\land-012-00.png'
00:16.265  render           | Saved: 'E:\Games\Epsilon\_retail_\Interface\AddOns\Omega_Hub\Modules\Dice\Media\Numbered\d20\land-012-01.png'
00:16.359  render           | Saved: 'E:\Games\Epsilon\_retail_\Interface\AddOns\Omega_Hub\Modules\Dice\Media\Numbered\d20\land-012-02.png'
00:16.437  render           | Saved: 'E:\Games\Epsilon\_retail_\Interface\AddOns\Omega_Hub\Modules\Dice\Media\Numbered\d20\land-012-03.png'
00:16.515  render           | Saved: 'E:\Games\Epsilon\_retail_\Interface\AddOns\Omega_Hub\Modules\Dice\Media\Numbered\d20\land-012-04.png'
00:16.594  render           | Saved: 'E:\Games\Epsilon\_retail_\Interface\AddOns\Omega_Hub\Modules\Dice\Media\Numbered\d20\land-012-05.png'
00:16.672  render           | Saved: 'E:\Games\Epsilon\_retail_\Interface\AddOns\Omega_Hub\Modules\Dice\Media\Numbered\d20\land-012-06.png'
00:16.750  render           | Saved: 'E:\Games\Epsilon\_retail_\Interface\AddOns\Omega_Hub\Modules\Dice\Media\Numbered\d20\land-012-07.png'
00:16.828  render           | Saved: 'E:\Games\Epsilon\_retail_\Interface\AddOns\Omega_Hub\Modules\Dice\Media\Numbered\d20\land-012-08.png'
00:16.890  render           | Saved: 'E:\Games\Epsilon\_retail_\Interface\AddOns\Omega_Hub\Modules\Dice\Media\Numbered\d20\land-012-09.png'
00:16.969  render           | Saved: 'E:\Games\Epsilon\_retail_\Interface\AddOns\Omega_Hub\Modules\Dice\Media\Numbered\d20\land-012-10.png'
00:17.031  render           | Saved: 'E:\Games\Epsilon\_retail_\Interface\AddOns\Omega_Hub\Modules\Dice\Media\Numbered\d20\land-012-11.png'
00:17.125  render           | Saved: 'E:\Games\Epsilon\_retail_\Interface\AddOns\Omega_Hub\Modules\Dice\Media\Numbered\d20\land-012-12.png'
00:17.203  render           | Saved: 'E:\Games\Epsilon\_retail_\Interface\AddOns\Omega_Hub\Modules\Dice\Media\Numbered\d20\land-012-13.png'
00:17.281  render           | Saved: 'E:\Games\Epsilon\_retail_\Interface\AddOns\Omega_Hub\Modules\Dice\Media\Numbered\d20\land-012-14.png'
00:17.359  render           | Saved: 'E:\Games\Epsilon\_retail_\Interface\AddOns\Omega_Hub\Modules\Dice\Media\Numbered\d20\land-012-15.png'
00:17.437  render           | Saved: 'E:\Games\Epsilon\_retail_\Interface\AddOns\Omega_Hub\Modules\Dice\Media\Numbered\d20\land-013-00.png'
00:17.515  render           | Saved: 'E:\Games\Epsilon\_retail_\Interface\AddOns\Omega_Hub\Modules\Dice\Media\Numbered\d20\land-013-01.png'
00:17.594  render           | Saved: 'E:\Games\Epsilon\_retail_\Interface\AddOns\Omega_Hub\Modules\Dice\Media\Numbered\d20\land-013-02.png'
00:17.672  render           | Saved: 'E:\Games\Epsilon\_retail_\Interface\AddOns\Omega_Hub\Modules\Dice\Media\Numbered\d20\land-013-03.png'
00:17.765  render           | Saved: 'E:\Games\Epsilon\_retail_\Interface\AddOns\Omega_Hub\Modules\Dice\Media\Numbered\d20\land-013-04.png'
00:17.844  render           | Saved: 'E:\Games\Epsilon\_retail_\Interface\AddOns\Omega_Hub\Modules\Dice\Media\Numbered\d20\land-013-05.png'
00:17.922  render           | Saved: 'E:\Games\Epsilon\_retail_\Interface\AddOns\Omega_Hub\Modules\Dice\Media\Numbered\d20\land-013-06.png'
00:18.015  render           | Saved: 'E:\Games\Epsilon\_retail_\Interface\AddOns\Omega_Hub\Modules\Dice\Media\Numbered\d20\land-013-07.png'
00:18.094  render           | Saved: 'E:\Games\Epsilon\_retail_\Interface\AddOns\Omega_Hub\Modules\Dice\Media\Numbered\d20\land-013-08.png'
00:18.187  render           | Saved: 'E:\Games\Epsilon\_retail_\Interface\AddOns\Omega_Hub\Modules\Dice\Media\Numbered\d20\land-013-09.png'
00:18.265  render           | Saved: 'E:\Games\Epsilon\_retail_\Interface\AddOns\Omega_Hub\Modules\Dice\Media\Numbered\d20\land-013-10.png'
00:18.344  render           | Saved: 'E:\Games\Epsilon\_retail_\Interface\AddOns\Omega_Hub\Modules\Dice\Media\Numbered\d20\land-013-11.png'
00:18.437  render           | Saved: 'E:\Games\Epsilon\_retail_\Interface\AddOns\Omega_Hub\Modules\Dice\Media\Numbered\d20\land-013-12.png'
00:18.531  render           | Saved: 'E:\Games\Epsilon\_retail_\Interface\AddOns\Omega_Hub\Modules\Dice\Media\Numbered\d20\land-013-13.png'
00:18.609  render           | Saved: 'E:\Games\Epsilon\_retail_\Interface\AddOns\Omega_Hub\Modules\Dice\Media\Numbered\d20\land-013-14.png'
00:18.703  render           | Saved: 'E:\Games\Epsilon\_retail_\Interface\AddOns\Omega_Hub\Modules\Dice\Media\Numbered\d20\land-013-15.png'
00:18.781  render           | Saved: 'E:\Games\Epsilon\_retail_\Interface\AddOns\Omega_Hub\Modules\Dice\Media\Numbered\d20\land-014-00.png'
00:18.859  render           | Saved: 'E:\Games\Epsilon\_retail_\Interface\AddOns\Omega_Hub\Modules\Dice\Media\Numbered\d20\land-014-01.png'
00:18.937  render           | Saved: 'E:\Games\Epsilon\_retail_\Interface\AddOns\Omega_Hub\Modules\Dice\Media\Numbered\d20\land-014-02.png'
00:19.031  render           | Saved: 'E:\Games\Epsilon\_retail_\Interface\AddOns\Omega_Hub\Modules\Dice\Media\Numbered\d20\land-014-03.png'
00:19.109  render           | Saved: 'E:\Games\Epsilon\_retail_\Interface\AddOns\Omega_Hub\Modules\Dice\Media\Numbered\d20\land-014-04.png'
00:19.187  render           | Saved: 'E:\Games\Epsilon\_retail_\Interface\AddOns\Omega_Hub\Modules\Dice\Media\Numbered\d20\land-014-05.png'
00:19.265  render           | Saved: 'E:\Games\Epsilon\_retail_\Interface\AddOns\Omega_Hub\Modules\Dice\Media\Numbered\d20\land-014-06.png'
00:19.344  render           | Saved: 'E:\Games\Epsilon\_retail_\Interface\AddOns\Omega_Hub\Modules\Dice\Media\Numbered\d20\land-014-07.png'
00:19.437  render           | Saved: 'E:\Games\Epsilon\_retail_\Interface\AddOns\Omega_Hub\Modules\Dice\Media\Numbered\d20\land-014-08.png'
00:19.515  render           | Saved: 'E:\Games\Epsilon\_retail_\Interface\AddOns\Omega_Hub\Modules\Dice\Media\Numbered\d20\land-014-09.png'
00:19.609  render           | Saved: 'E:\Games\Epsilon\_retail_\Interface\AddOns\Omega_Hub\Modules\Dice\Media\Numbered\d20\land-014-10.png'
00:19.703  render           | Saved: 'E:\Games\Epsilon\_retail_\Interface\AddOns\Omega_Hub\Modules\Dice\Media\Numbered\d20\land-014-11.png'
00:19.781  render           | Saved: 'E:\Games\Epsilon\_retail_\Interface\AddOns\Omega_Hub\Modules\Dice\Media\Numbered\d20\land-014-12.png'
00:19.859  render           | Saved: 'E:\Games\Epsilon\_retail_\Interface\AddOns\Omega_Hub\Modules\Dice\Media\Numbered\d20\land-014-13.png'
00:19.953  render           | Saved: 'E:\Games\Epsilon\_retail_\Interface\AddOns\Omega_Hub\Modules\Dice\Media\Numbered\d20\land-014-14.png'
00:20.031  render           | Saved: 'E:\Games\Epsilon\_retail_\Interface\AddOns\Omega_Hub\Modules\Dice\Media\Numbered\d20\land-014-15.png'
00:20.109  render           | Saved: 'E:\Games\Epsilon\_retail_\Interface\AddOns\Omega_Hub\Modules\Dice\Media\Numbered\d20\land-015-00.png'
00:20.187  render           | Saved: 'E:\Games\Epsilon\_retail_\Interface\AddOns\Omega_Hub\Modules\Dice\Media\Numbered\d20\land-015-01.png'
00:20.265  render           | Saved: 'E:\Games\Epsilon\_retail_\Interface\AddOns\Omega_Hub\Modules\Dice\Media\Numbered\d20\land-015-02.png'
00:20.344  render           | Saved: 'E:\Games\Epsilon\_retail_\Interface\AddOns\Omega_Hub\Modules\Dice\Media\Numbered\d20\land-015-03.png'
00:20.422  render           | Saved: 'E:\Games\Epsilon\_retail_\Interface\AddOns\Omega_Hub\Modules\Dice\Media\Numbered\d20\land-015-04.png'
00:20.500  render           | Saved: 'E:\Games\Epsilon\_retail_\Interface\AddOns\Omega_Hub\Modules\Dice\Media\Numbered\d20\land-015-05.png'
00:20.578  render           | Saved: 'E:\Games\Epsilon\_retail_\Interface\AddOns\Omega_Hub\Modules\Dice\Media\Numbered\d20\land-015-06.png'
00:20.656  render           | Saved: 'E:\Games\Epsilon\_retail_\Interface\AddOns\Omega_Hub\Modules\Dice\Media\Numbered\d20\land-015-07.png'
00:20.734  render           | Saved: 'E:\Games\Epsilon\_retail_\Interface\AddOns\Omega_Hub\Modules\Dice\Media\Numbered\d20\land-015-08.png'
00:20.828  render           | Saved: 'E:\Games\Epsilon\_retail_\Interface\AddOns\Omega_Hub\Modules\Dice\Media\Numbered\d20\land-015-09.png'
00:20.906  render           | Saved: 'E:\Games\Epsilon\_retail_\Interface\AddOns\Omega_Hub\Modules\Dice\Media\Numbered\d20\land-015-10.png'
00:20.984  render           | Saved: 'E:\Games\Epsilon\_retail_\Interface\AddOns\Omega_Hub\Modules\Dice\Media\Numbered\d20\land-015-11.png'
00:21.062  render           | Saved: 'E:\Games\Epsilon\_retail_\Interface\AddOns\Omega_Hub\Modules\Dice\Media\Numbered\d20\land-015-12.png'
00:21.140  render           | Saved: 'E:\Games\Epsilon\_retail_\Interface\AddOns\Omega_Hub\Modules\Dice\Media\Numbered\d20\land-015-13.png'
00:21.219  render           | Saved: 'E:\Games\Epsilon\_retail_\Interface\AddOns\Omega_Hub\Modules\Dice\Media\Numbered\d20\land-015-14.png'
00:21.297  render           | Saved: 'E:\Games\Epsilon\_retail_\Interface\AddOns\Omega_Hub\Modules\Dice\Media\Numbered\d20\land-015-15.png'
00:21.359  render           | Saved: 'E:\Games\Epsilon\_retail_\Interface\AddOns\Omega_Hub\Modules\Dice\Media\Numbered\d20\land-016-00.png'
00:21.437  render           | Saved: 'E:\Games\Epsilon\_retail_\Interface\AddOns\Omega_Hub\Modules\Dice\Media\Numbered\d20\land-016-01.png'
00:21.515  render           | Saved: 'E:\Games\Epsilon\_retail_\Interface\AddOns\Omega_Hub\Modules\Dice\Media\Numbered\d20\land-016-02.png'
00:21.594  render           | Saved: 'E:\Games\Epsilon\_retail_\Interface\AddOns\Omega_Hub\Modules\Dice\Media\Numbered\d20\land-016-03.png'
00:21.672  render           | Saved: 'E:\Games\Epsilon\_retail_\Interface\AddOns\Omega_Hub\Modules\Dice\Media\Numbered\d20\land-016-04.png'
00:21.750  render           | Saved: 'E:\Games\Epsilon\_retail_\Interface\AddOns\Omega_Hub\Modules\Dice\Media\Numbered\d20\land-016-05.png'
00:21.828  render           | Saved: 'E:\Games\Epsilon\_retail_\Interface\AddOns\Omega_Hub\Modules\Dice\Media\Numbered\d20\land-016-06.png'
00:21.890  render           | Saved: 'E:\Games\Epsilon\_retail_\Interface\AddOns\Omega_Hub\Modules\Dice\Media\Numbered\d20\land-016-07.png'
00:21.969  render           | Saved: 'E:\Games\Epsilon\_retail_\Interface\AddOns\Omega_Hub\Modules\Dice\Media\Numbered\d20\land-016-08.png'
00:22.047  render           | Saved: 'E:\Games\Epsilon\_retail_\Interface\AddOns\Omega_Hub\Modules\Dice\Media\Numbered\d20\land-016-09.png'
00:22.125  render           | Saved: 'E:\Games\Epsilon\_retail_\Interface\AddOns\Omega_Hub\Modules\Dice\Media\Numbered\d20\land-016-10.png'
00:22.219  render           | Saved: 'E:\Games\Epsilon\_retail_\Interface\AddOns\Omega_Hub\Modules\Dice\Media\Numbered\d20\land-016-11.png'
00:22.297  render           | Saved: 'E:\Games\Epsilon\_retail_\Interface\AddOns\Omega_Hub\Modules\Dice\Media\Numbered\d20\land-016-12.png'
00:22.359  render           | Saved: 'E:\Games\Epsilon\_retail_\Interface\AddOns\Omega_Hub\Modules\Dice\Media\Numbered\d20\land-016-13.png'
00:22.437  render           | Saved: 'E:\Games\Epsilon\_retail_\Interface\AddOns\Omega_Hub\Modules\Dice\Media\Numbered\d20\land-016-14.png'
00:22.500  render           | Saved: 'E:\Games\Epsilon\_retail_\Interface\AddOns\Omega_Hub\Modules\Dice\Media\Numbered\d20\land-016-15.png'
00:22.578  render           | Saved: 'E:\Games\Epsilon\_retail_\Interface\AddOns\Omega_Hub\Modules\Dice\Media\Numbered\d20\land-017-00.png'
00:22.640  render           | Saved: 'E:\Games\Epsilon\_retail_\Interface\AddOns\Omega_Hub\Modules\Dice\Media\Numbered\d20\land-017-01.png'
00:22.719  render           | Saved: 'E:\Games\Epsilon\_retail_\Interface\AddOns\Omega_Hub\Modules\Dice\Media\Numbered\d20\land-017-02.png'
00:22.797  render           | Saved: 'E:\Games\Epsilon\_retail_\Interface\AddOns\Omega_Hub\Modules\Dice\Media\Numbered\d20\land-017-03.png'
00:22.859  render           | Saved: 'E:\Games\Epsilon\_retail_\Interface\AddOns\Omega_Hub\Modules\Dice\Media\Numbered\d20\land-017-04.png'
00:22.937  render           | Saved: 'E:\Games\Epsilon\_retail_\Interface\AddOns\Omega_Hub\Modules\Dice\Media\Numbered\d20\land-017-05.png'
00:23.015  render           | Saved: 'E:\Games\Epsilon\_retail_\Interface\AddOns\Omega_Hub\Modules\Dice\Media\Numbered\d20\land-017-06.png'
00:23.094  render           | Saved: 'E:\Games\Epsilon\_retail_\Interface\AddOns\Omega_Hub\Modules\Dice\Media\Numbered\d20\land-017-07.png'
00:23.172  render           | Saved: 'E:\Games\Epsilon\_retail_\Interface\AddOns\Omega_Hub\Modules\Dice\Media\Numbered\d20\land-017-08.png'
00:23.250  render           | Saved: 'E:\Games\Epsilon\_retail_\Interface\AddOns\Omega_Hub\Modules\Dice\Media\Numbered\d20\land-017-09.png'
00:23.312  render           | Saved: 'E:\Games\Epsilon\_retail_\Interface\AddOns\Omega_Hub\Modules\Dice\Media\Numbered\d20\land-017-10.png'
00:23.390  render           | Saved: 'E:\Games\Epsilon\_retail_\Interface\AddOns\Omega_Hub\Modules\Dice\Media\Numbered\d20\land-017-11.png'
00:23.453  render           | Saved: 'E:\Games\Epsilon\_retail_\Interface\AddOns\Omega_Hub\Modules\Dice\Media\Numbered\d20\land-017-12.png'
00:23.515  render           | Saved: 'E:\Games\Epsilon\_retail_\Interface\AddOns\Omega_Hub\Modules\Dice\Media\Numbered\d20\land-017-13.png'
00:23.594  render           | Saved: 'E:\Games\Epsilon\_retail_\Interface\AddOns\Omega_Hub\Modules\Dice\Media\Numbered\d20\land-017-14.png'
00:23.656  render           | Saved: 'E:\Games\Epsilon\_retail_\Interface\AddOns\Omega_Hub\Modules\Dice\Media\Numbered\d20\land-017-15.png'
00:23.734  render           | Saved: 'E:\Games\Epsilon\_retail_\Interface\AddOns\Omega_Hub\Modules\Dice\Media\Numbered\d20\land-018-00.png'
00:23.812  render           | Saved: 'E:\Games\Epsilon\_retail_\Interface\AddOns\Omega_Hub\Modules\Dice\Media\Numbered\d20\land-018-01.png'
00:23.890  render           | Saved: 'E:\Games\Epsilon\_retail_\Interface\AddOns\Omega_Hub\Modules\Dice\Media\Numbered\d20\land-018-02.png'
00:23.969  render           | Saved: 'E:\Games\Epsilon\_retail_\Interface\AddOns\Omega_Hub\Modules\Dice\Media\Numbered\d20\land-018-03.png'
00:24.047  render           | Saved: 'E:\Games\Epsilon\_retail_\Interface\AddOns\Omega_Hub\Modules\Dice\Media\Numbered\d20\land-018-04.png'
00:24.109  render           | Saved: 'E:\Games\Epsilon\_retail_\Interface\AddOns\Omega_Hub\Modules\Dice\Media\Numbered\d20\land-018-05.png'
00:24.187  render           | Saved: 'E:\Games\Epsilon\_retail_\Interface\AddOns\Omega_Hub\Modules\Dice\Media\Numbered\d20\land-018-06.png'
00:24.265  render           | Saved: 'E:\Games\Epsilon\_retail_\Interface\AddOns\Omega_Hub\Modules\Dice\Media\Numbered\d20\land-018-07.png'
00:24.344  render           | Saved: 'E:\Games\Epsilon\_retail_\Interface\AddOns\Omega_Hub\Modules\Dice\Media\Numbered\d20\land-018-08.png'
00:24.422  render           | Saved: 'E:\Games\Epsilon\_retail_\Interface\AddOns\Omega_Hub\Modules\Dice\Media\Numbered\d20\land-018-09.png'
00:24.500  render           | Saved: 'E:\Games\Epsilon\_retail_\Interface\AddOns\Omega_Hub\Modules\Dice\Media\Numbered\d20\land-018-10.png'
00:24.578  render           | Saved: 'E:\Games\Epsilon\_retail_\Interface\AddOns\Omega_Hub\Modules\Dice\Media\Numbered\d20\land-018-11.png'
00:24.640  render           | Saved: 'E:\Games\Epsilon\_retail_\Interface\AddOns\Omega_Hub\Modules\Dice\Media\Numbered\d20\land-018-12.png'
00:24.719  render           | Saved: 'E:\Games\Epsilon\_retail_\Interface\AddOns\Omega_Hub\Modules\Dice\Media\Numbered\d20\land-018-13.png'
00:24.797  render           | Saved: 'E:\Games\Epsilon\_retail_\Interface\AddOns\Omega_Hub\Modules\Dice\Media\Numbered\d20\land-018-14.png'
00:24.859  render           | Saved: 'E:\Games\Epsilon\_retail_\Interface\AddOns\Omega_Hub\Modules\Dice\Media\Numbered\d20\land-018-15.png'
00:24.937  render           | Saved: 'E:\Games\Epsilon\_retail_\Interface\AddOns\Omega_Hub\Modules\Dice\Media\Numbered\d20\land-019-00.png'
00:25.015  render           | Saved: 'E:\Games\Epsilon\_retail_\Interface\AddOns\Omega_Hub\Modules\Dice\Media\Numbered\d20\land-019-01.png'
00:25.094  render           | Saved: 'E:\Games\Epsilon\_retail_\Interface\AddOns\Omega_Hub\Modules\Dice\Media\Numbered\d20\land-019-02.png'
00:25.156  render           | Saved: 'E:\Games\Epsilon\_retail_\Interface\AddOns\Omega_Hub\Modules\Dice\Media\Numbered\d20\land-019-03.png'
00:25.234  render           | Saved: 'E:\Games\Epsilon\_retail_\Interface\AddOns\Omega_Hub\Modules\Dice\Media\Numbered\d20\land-019-04.png'
00:25.297  render           | Saved: 'E:\Games\Epsilon\_retail_\Interface\AddOns\Omega_Hub\Modules\Dice\Media\Numbered\d20\land-019-05.png'
00:25.375  render           | Saved: 'E:\Games\Epsilon\_retail_\Interface\AddOns\Omega_Hub\Modules\Dice\Media\Numbered\d20\land-019-06.png'
00:25.453  render           | Saved: 'E:\Games\Epsilon\_retail_\Interface\AddOns\Omega_Hub\Modules\Dice\Media\Numbered\d20\land-019-07.png'
00:25.531  render           | Saved: 'E:\Games\Epsilon\_retail_\Interface\AddOns\Omega_Hub\Modules\Dice\Media\Numbered\d20\land-019-08.png'
00:25.594  render           | Saved: 'E:\Games\Epsilon\_retail_\Interface\AddOns\Omega_Hub\Modules\Dice\Media\Numbered\d20\land-019-09.png'
00:25.672  render           | Saved: 'E:\Games\Epsilon\_retail_\Interface\AddOns\Omega_Hub\Modules\Dice\Media\Numbered\d20\land-019-10.png'
00:25.734  render           | Saved: 'E:\Games\Epsilon\_retail_\Interface\AddOns\Omega_Hub\Modules\Dice\Media\Numbered\d20\land-019-11.png'
00:25.812  render           | Saved: 'E:\Games\Epsilon\_retail_\Interface\AddOns\Omega_Hub\Modules\Dice\Media\Numbered\d20\land-019-12.png'
00:25.890  render           | Saved: 'E:\Games\Epsilon\_retail_\Interface\AddOns\Omega_Hub\Modules\Dice\Media\Numbered\d20\land-019-13.png'
00:25.969  render           | Saved: 'E:\Games\Epsilon\_retail_\Interface\AddOns\Omega_Hub\Modules\Dice\Media\Numbered\d20\land-019-14.png'
00:26.031  render           | Saved: 'E:\Games\Epsilon\_retail_\Interface\AddOns\Omega_Hub\Modules\Dice\Media\Numbered\d20\land-019-15.png'
00:26.125  render           | Saved: 'E:\Games\Epsilon\_retail_\Interface\AddOns\Omega_Hub\Modules\Dice\Media\Numbered\d20\land-020-00.png'
00:26.203  render           | Saved: 'E:\Games\Epsilon\_retail_\Interface\AddOns\Omega_Hub\Modules\Dice\Media\Numbered\d20\land-020-01.png'
00:26.265  render           | Saved: 'E:\Games\Epsilon\_retail_\Interface\AddOns\Omega_Hub\Modules\Dice\Media\Numbered\d20\land-020-02.png'
00:26.344  render           | Saved: 'E:\Games\Epsilon\_retail_\Interface\AddOns\Omega_Hub\Modules\Dice\Media\Numbered\d20\land-020-03.png'
00:26.406  render           | Saved: 'E:\Games\Epsilon\_retail_\Interface\AddOns\Omega_Hub\Modules\Dice\Media\Numbered\d20\land-020-04.png'
00:26.484  render           | Saved: 'E:\Games\Epsilon\_retail_\Interface\AddOns\Omega_Hub\Modules\Dice\Media\Numbered\d20\land-020-05.png'
00:26.562  render           | Saved: 'E:\Games\Epsilon\_retail_\Interface\AddOns\Omega_Hub\Modules\Dice\Media\Numbered\d20\land-020-06.png'
00:26.625  render           | Saved: 'E:\Games\Epsilon\_retail_\Interface\AddOns\Omega_Hub\Modules\Dice\Media\Numbered\d20\land-020-07.png'
00:26.703  render           | Saved: 'E:\Games\Epsilon\_retail_\Interface\AddOns\Omega_Hub\Modules\Dice\Media\Numbered\d20\land-020-08.png'
00:26.781  render           | Saved: 'E:\Games\Epsilon\_retail_\Interface\AddOns\Omega_Hub\Modules\Dice\Media\Numbered\d20\land-020-09.png'
00:26.844  render           | Saved: 'E:\Games\Epsilon\_retail_\Interface\AddOns\Omega_Hub\Modules\Dice\Media\Numbered\d20\land-020-10.png'
00:26.922  render           | Saved: 'E:\Games\Epsilon\_retail_\Interface\AddOns\Omega_Hub\Modules\Dice\Media\Numbered\d20\land-020-11.png'
00:26.984  render           | Saved: 'E:\Games\Epsilon\_retail_\Interface\AddOns\Omega_Hub\Modules\Dice\Media\Numbered\d20\land-020-12.png'
00:27.047  render           | Saved: 'E:\Games\Epsilon\_retail_\Interface\AddOns\Omega_Hub\Modules\Dice\Media\Numbered\d20\land-020-13.png'
00:27.125  render           | Saved: 'E:\Games\Epsilon\_retail_\Interface\AddOns\Omega_Hub\Modules\Dice\Media\Numbered\d20\land-020-14.png'
00:27.203  render           | Saved: 'E:\Games\Epsilon\_retail_\Interface\AddOns\Omega_Hub\Modules\Dice\Media\Numbered\d20\land-020-15.png'
Blender 5.0.1 (hash a3db93c5b259 built 2025-12-16 01:32:30)

Blender quit
