E:\Games\Epsilon\_retail_\Interface\AddOns\Omega_Hub\Modules\Dice\Tools\blender_dice.py:24: DeprecationWarning: 'Material.use_nodes' is expected to be removed in Blender 6.0
  mat=bpy.data.materials.new(name);mat.diffuse_color=(*color,1);mat.use_nodes=True
00:01.406  render           | Saved: 'E:\Games\Epsilon\_retail_\Interface\AddOns\Omega_Hub\Modules\Dice\Media\Smooth\d4\roll-00.png'
00:01.437  render           | Saved: 'E:\Games\Epsilon\_retail_\Interface\AddOns\Omega_Hub\Modules\Dice\Media\Smooth\d4\roll-01.png'
00:01.468  render           | Saved: 'E:\Games\Epsilon\_retail_\Interface\AddOns\Omega_Hub\Modules\Dice\Media\Smooth\d4\roll-02.png'
00:01.500  render           | Saved: 'E:\Games\Epsilon\_retail_\Interface\AddOns\Omega_Hub\Modules\Dice\Media\Smooth\d4\roll-03.png'
00:01.547  render           | Saved: 'E:\Games\Epsilon\_retail_\Interface\AddOns\Omega_Hub\Modules\Dice\Media\Smooth\d4\roll-04.png'
00:01.578  render           | Saved: 'E:\Games\Epsilon\_retail_\Interface\AddOns\Omega_Hub\Modules\Dice\Media\Smooth\d4\roll-05.png'
00:01.609  render           | Saved: 'E:\Games\Epsilon\_retail_\Interface\AddOns\Omega_Hub\Modules\Dice\Media\Smooth\d4\roll-06.png'
00:01.656  render           | Saved: 'E:\Games\Epsilon\_retail_\Interface\AddOns\Omega_Hub\Modules\Dice\Media\Smooth\d4\roll-07.png'
00:01.687  render           | Saved: 'E:\Games\Epsilon\_retail_\Interface\AddOns\Omega_Hub\Modules\Dice\Media\Smooth\d4\roll-08.png'
00:01.703  render           | Saved: 'E:\Games\Epsilon\_retail_\Interface\AddOns\Omega_Hub\Modules\Dice\Media\Smooth\d4\roll-09.png'
00:01.734  render           | Saved: 'E:\Games\Epsilon\_retail_\Interface\AddOns\Omega_Hub\Modules\Dice\Media\Smooth\d4\roll-10.png'
00:01.765  render           | Saved: 'E:\Games\Epsilon\_retail_\Interface\AddOns\Omega_Hub\Modules\Dice\Media\Smooth\d4\roll-11.png'
00:01.781  render           | Saved: 'E:\Games\Epsilon\_retail_\Interface\AddOns\Omega_Hub\Modules\Dice\Media\Smooth\d4\roll-12.png'
00:01.812  render           | Saved: 'E:\Games\Epsilon\_retail_\Interface\AddOns\Omega_Hub\Modules\Dice\Media\Smooth\d4\roll-13.png'
00:01.828  render           | Saved: 'E:\Games\Epsilon\_retail_\Interface\AddOns\Omega_Hub\Modules\Dice\Media\Smooth\d4\roll-14.png'
00:01.875  render           | Saved: 'E:\Games\Epsilon\_retail_\Interface\AddOns\Omega_Hub\Modules\Dice\Media\Smooth\d4\roll-15.png'
00:01.890  render           | Saved: 'E:\Games\Epsilon\_retail_\Interface\AddOns\Omega_Hub\Modules\Dice\Media\Smooth\d4\roll-16.png'
00:01.922  render           | Saved: 'E:\Games\Epsilon\_retail_\Interface\AddOns\Omega_Hub\Modules\Dice\Media\Smooth\d4\roll-17.png'
00:01.937  render           | Saved: 'E:\Games\Epsilon\_retail_\Interface\AddOns\Omega_Hub\Modules\Dice\Media\Smooth\d4\roll-18.png'
00:01.968  render           | Saved: 'E:\Games\Epsilon\_retail_\Interface\AddOns\Omega_Hub\Modules\Dice\Media\Smooth\d4\roll-19.png'
00:02.000  render           | Saved: 'E:\Games\Epsilon\_retail_\Interface\AddOns\Omega_Hub\Modules\Dice\Media\Smooth\d4\roll-20.png'
00:02.031  render           | Saved: 'E:\Games\Epsilon\_retail_\Interface\AddOns\Omega_Hub\Modules\Dice\Media\Smooth\d4\roll-21.png'
00:02.047  render           | Saved: 'E:\Games\Epsilon\_retail_\Interface\AddOns\Omega_Hub\Modules\Dice\Media\Smooth\d4\roll-22.png'
00:02.078  render           | Saved: 'E:\Games\Epsilon\_retail_\Interface\AddOns\Omega_Hub\Modules\Dice\Media\Smooth\d4\roll-23.png'
00:02.109  render           | Saved: 'E:\Games\Epsilon\_retail_\Interface\AddOns\Omega_Hub\Modules\Dice\Media\Smooth\d4\roll-24.png'
00:02.156  render           | Saved: 'E:\Games\Epsilon\_retail_\Interface\AddOns\Omega_Hub\Modules\Dice\Media\Smooth\d4\roll-25.png'
00:02.172  render           | Saved: 'E:\Games\Epsilon\_retail_\Interface\AddOns\Omega_Hub\Modules\Dice\Media\Smooth\d4\roll-26.png'
00:02.203  render           | Saved: 'E:\Games\Epsilon\_retail_\Interface\AddOns\Omega_Hub\Modules\Dice\Media\Smooth\d4\roll-27.png'
00:02.234  render           | Saved: 'E:\Games\Epsilon\_retail_\Interface\AddOns\Omega_Hub\Modules\Dice\Media\Smooth\d4\roll-28.png'
00:02.250  render           | Saved: 'E:\Games\Epsilon\_retail_\Interface\AddOns\Omega_Hub\Modules\Dice\Media\Smooth\d4\roll-29.png'
00:02.281  render           | Saved: 'E:\Games\Epsilon\_retail_\Interface\AddOns\Omega_Hub\Modules\Dice\Media\Smooth\d4\roll-30.png'
00:02.312  render           | Saved: 'E:\Games\Epsilon\_retail_\Interface\AddOns\Omega_Hub\Modules\Dice\Media\Smooth\d4\roll-31.png'
00:02.328  render           | Saved: 'E:\Games\Epsilon\_retail_\Interface\AddOns\Omega_Hub\Modules\Dice\Media\Smooth\d4\roll-32.png'
00:02.359  render           | Saved: 'E:\Games\Epsilon\_retail_\Interface\AddOns\Omega_Hub\Modules\Dice\Media\Smooth\d4\roll-33.png'
00:02.375  render           | Saved: 'E:\Games\Epsilon\_retail_\Interface\AddOns\Omega_Hub\Modules\Dice\Media\Smooth\d4\roll-34.png'
00:02.406  render           | Saved: 'E:\Games\Epsilon\_retail_\Interface\AddOns\Omega_Hub\Modules\Dice\Media\Smooth\d4\roll-35.png'
00:02.422  render           | Saved: 'E:\Games\Epsilon\_retail_\Interface\AddOns\Omega_Hub\Modules\Dice\Media\Smooth\d4\roll-36.png'
00:02.453  render           | Saved: 'E:\Games\Epsilon\_retail_\Interface\AddOns\Omega_Hub\Modules\Dice\Media\Smooth\d4\roll-37.png'
00:02.468  render           | Saved: 'E:\Games\Epsilon\_retail_\Interface\AddOns\Omega_Hub\Modules\Dice\Media\Smooth\d4\roll-38.png'
00:02.500  render           | Saved: 'E:\Games\Epsilon\_retail_\Interface\AddOns\Omega_Hub\Modules\Dice\Media\Smooth\d4\roll-39.png'
00:02.515  render           | Saved: 'E:\Games\Epsilon\_retail_\Interface\AddOns\Omega_Hub\Modules\Dice\Media\Smooth\d4\roll-40.png'
00:02.547  render           | Saved: 'E:\Games\Epsilon\_retail_\Interface\AddOns\Omega_Hub\Modules\Dice\Media\Smooth\d4\roll-41.png'
00:02.578  render           | Saved: 'E:\Games\Epsilon\_retail_\Interface\AddOns\Omega_Hub\Modules\Dice\Media\Smooth\d4\roll-42.png'
00:02.609  render           | Saved: 'E:\Games\Epsilon\_retail_\Interface\AddOns\Omega_Hub\Modules\Dice\Media\Smooth\d4\roll-43.png'
00:02.625  render           | Saved: 'E:\Games\Epsilon\_retail_\Interface\AddOns\Omega_Hub\Modules\Dice\Media\Smooth\d4\roll-44.png'
00:02.656  render           | Saved: 'E:\Games\Epsilon\_retail_\Interface\AddOns\Omega_Hub\Modules\Dice\Media\Smooth\d4\roll-45.png'
00:02.672  render           | Saved: 'E:\Games\Epsilon\_retail_\Interface\AddOns\Omega_Hub\Modules\Dice\Media\Smooth\d4\roll-46.png'
00:02.703  render           | Saved: 'E:\Games\Epsilon\_retail_\Interface\AddOns\Omega_Hub\Modules\Dice\Media\Smooth\d4\roll-47.png'
00:02.718  render           | Saved: 'E:\Games\Epsilon\_retail_\Interface\AddOns\Omega_Hub\Modules\Dice\Media\Smooth\d4\roll-48.png'
00:02.750  render           | Saved: 'E:\Games\Epsilon\_retail_\Interface\AddOns\Omega_Hub\Modules\Dice\Media\Smooth\d4\roll-49.png'
00:02.781  render           | Saved: 'E:\Games\Epsilon\_retail_\Interface\AddOns\Omega_Hub\Modules\Dice\Media\Smooth\d4\roll-50.png'
00:02.797  render           | Saved: 'E:\Games\Epsilon\_retail_\Interface\AddOns\Omega_Hub\Modules\Dice\Media\Smooth\d4\roll-51.png'
00:02.828  render           | Saved: 'E:\Games\Epsilon\_retail_\Interface\AddOns\Omega_Hub\Modules\Dice\Media\Smooth\d4\roll-52.png'
00:02.843  render           | Saved: 'E:\Games\Epsilon\_retail_\Interface\AddOns\Omega_Hub\Modules\Dice\Media\Smooth\d4\roll-53.png'
00:02.875  render           | Saved: 'E:\Games\Epsilon\_retail_\Interface\AddOns\Omega_Hub\Modules\Dice\Media\Smooth\d4\roll-54.png'
00:02.890  render           | Saved: 'E:\Games\Epsilon\_retail_\Interface\AddOns\Omega_Hub\Modules\Dice\Media\Smooth\d4\roll-55.png'
00:02.922  render           | Saved: 'E:\Games\Epsilon\_retail_\Interface\AddOns\Omega_Hub\Modules\Dice\Media\Smooth\d4\roll-56.png'
00:02.953  render           | Saved: 'E:\Games\Epsilon\_retail_\Interface\AddOns\Omega_Hub\Modules\Dice\Media\Smooth\d4\roll-57.png'
00:02.968  render           | Saved: 'E:\Games\Epsilon\_retail_\Interface\AddOns\Omega_Hub\Modules\Dice\Media\Smooth\d4\roll-58.png'
00:03.000  render           | Saved: 'E:\Games\Epsilon\_retail_\Interface\AddOns\Omega_Hub\Modules\Dice\Media\Smooth\d4\roll-59.png'
00:03.015  render           | Saved: 'E:\Games\Epsilon\_retail_\Interface\AddOns\Omega_Hub\Modules\Dice\Media\Smooth\d4\roll-60.png'
00:03.047  render           | Saved: 'E:\Games\Epsilon\_retail_\Interface\AddOns\Omega_Hub\Modules\Dice\Media\Smooth\d4\roll-61.png'
00:03.078  render           | Saved: 'E:\Games\Epsilon\_retail_\Interface\AddOns\Omega_Hub\Modules\Dice\Media\Smooth\d4\roll-62.png'
00:03.093  render           | Saved: 'E:\Games\Epsilon\_retail_\Interface\AddOns\Omega_Hub\Modules\Dice\Media\Smooth\d4\roll-63.png'
00:03.125  render           | Saved: 'E:\Games\Epsilon\_retail_\Interface\AddOns\Omega_Hub\Modules\Dice\Media\Smooth\d4\roll-64.png'
00:03.156  render           | Saved: 'E:\Games\Epsilon\_retail_\Interface\AddOns\Omega_Hub\Modules\Dice\Media\Smooth\d4\roll-65.png'
00:03.187  render           | Saved: 'E:\Games\Epsilon\_retail_\Interface\AddOns\Omega_Hub\Modules\Dice\Media\Smooth\d4\roll-66.png'
00:03.203  render           | Saved: 'E:\Games\Epsilon\_retail_\Interface\AddOns\Omega_Hub\Modules\Dice\Media\Smooth\d4\roll-67.png'
00:03.234  render           | Saved: 'E:\Games\Epsilon\_retail_\Interface\AddOns\Omega_Hub\Modules\Dice\Media\Smooth\d4\roll-68.png'
00:03.250  render           | Saved: 'E:\Games\Epsilon\_retail_\Interface\AddOns\Omega_Hub\Modules\Dice\Media\Smooth\d4\roll-69.png'
00:03.281  render           | Saved: 'E:\Games\Epsilon\_retail_\Interface\AddOns\Omega_Hub\Modules\Dice\Media\Smooth\d4\roll-70.png'
00:03.312  render           | Saved: 'E:\Games\Epsilon\_retail_\Interface\AddOns\Omega_Hub\Modules\Dice\Media\Smooth\d4\roll-71.png'
00:03.343  render           | Saved: 'E:\Games\Epsilon\_retail_\Interface\AddOns\Omega_Hub\Modules\Dice\Media\Smooth\d4\roll-72.png'
00:03.359  render           | Saved: 'E:\Games\Epsilon\_retail_\Interface\AddOns\Omega_Hub\Modules\Dice\Media\Smooth\d4\roll-73.png'
00:03.390  render           | Saved: 'E:\Games\Epsilon\_retail_\Interface\AddOns\Omega_Hub\Modules\Dice\Media\Smooth\d4\roll-74.png'
00:03.422  render           | Saved: 'E:\Games\Epsilon\_retail_\Interface\AddOns\Omega_Hub\Modules\Dice\Media\Smooth\d4\roll-75.png'
00:03.453  render           | Saved: 'E:\Games\Epsilon\_retail_\Interface\AddOns\Omega_Hub\Modules\Dice\Media\Smooth\d4\roll-76.png'
00:03.468  render           | Saved: 'E:\Games\Epsilon\_retail_\Interface\AddOns\Omega_Hub\Modules\Dice\Media\Smooth\d4\roll-77.png'
00:03.500  render           | Saved: 'E:\Games\Epsilon\_retail_\Interface\AddOns\Omega_Hub\Modules\Dice\Media\Smooth\d4\roll-78.png'
00:03.531  render           | Saved: 'E:\Games\Epsilon\_retail_\Interface\AddOns\Omega_Hub\Modules\Dice\Media\Smooth\d4\roll-79.png'
00:03.547  render           | Saved: 'E:\Games\Epsilon\_retail_\Interface\AddOns\Omega_Hub\Modules\Dice\Media\Smooth\d4\roll-80.png'
00:03.578  render           | Saved: 'E:\Games\Epsilon\_retail_\Interface\AddOns\Omega_Hub\Modules\Dice\Media\Smooth\d4\roll-81.png'
00:03.609  render           | Saved: 'E:\Games\Epsilon\_retail_\Interface\AddOns\Omega_Hub\Modules\Dice\Media\Smooth\d4\roll-82.png'
00:03.625  render           | Saved: 'E:\Games\Epsilon\_retail_\Interface\AddOns\Omega_Hub\Modules\Dice\Media\Smooth\d4\roll-83.png'
00:03.656  render           | Saved: 'E:\Games\Epsilon\_retail_\Interface\AddOns\Omega_Hub\Modules\Dice\Media\Smooth\d4\roll-84.png'
00:03.687  render           | Saved: 'E:\Games\Epsilon\_retail_\Interface\AddOns\Omega_Hub\Modules\Dice\Media\Smooth\d4\roll-85.png'
00:03.703  render           | Saved: 'E:\Games\Epsilon\_retail_\Interface\AddOns\Omega_Hub\Modules\Dice\Media\Smooth\d4\roll-86.png'
00:03.734  render           | Saved: 'E:\Games\Epsilon\_retail_\Interface\AddOns\Omega_Hub\Modules\Dice\Media\Smooth\d4\roll-87.png'
00:03.750  render           | Saved: 'E:\Games\Epsilon\_retail_\Interface\AddOns\Omega_Hub\Modules\Dice\Media\Smooth\d4\roll-88.png'
00:03.781  render           | Saved: 'E:\Games\Epsilon\_retail_\Interface\AddOns\Omega_Hub\Modules\Dice\Media\Smooth\d4\roll-89.png'
00:03.812  render           | Saved: 'E:\Games\Epsilon\_retail_\Interface\AddOns\Omega_Hub\Modules\Dice\Media\Smooth\d4\roll-90.png'
00:03.828  render           | Saved: 'E:\Games\Epsilon\_retail_\Interface\AddOns\Omega_Hub\Modules\Dice\Media\Smooth\d4\roll-91.png'
00:03.859  render           | Saved: 'E:\Games\Epsilon\_retail_\Interface\AddOns\Omega_Hub\Modules\Dice\Media\Smooth\d4\roll-92.png'
00:03.890  render           | Saved: 'E:\Games\Epsilon\_retail_\Interface\AddOns\Omega_Hub\Modules\Dice\Media\Smooth\d4\roll-93.png'
00:03.906  render           | Saved: 'E:\Games\Epsilon\_retail_\Interface\AddOns\Omega_Hub\Modules\Dice\Media\Smooth\d4\roll-94.png'
00:03.937  render           | Saved: 'E:\Games\Epsilon\_retail_\Interface\AddOns\Omega_Hub\Modules\Dice\Media\Smooth\d4\roll-95.png'
00:03.953  render           | Saved: 'E:\Games\Epsilon\_retail_\Interface\AddOns\Omega_Hub\Modules\Dice\Media\Smooth\d4\land-001-00.png'
00:03.984  render           | Saved: 'E:\Games\Epsilon\_retail_\Interface\AddOns\Omega_Hub\Modules\Dice\Media\Smooth\d4\land-001-01.png'
00:04.015  render           | Saved: 'E:\Games\Epsilon\_retail_\Interface\AddOns\Omega_Hub\Modules\Dice\Media\Smooth\d4\land-001-02.png'
00:04.031  render           | Saved: 'E:\Games\Epsilon\_retail_\Interface\AddOns\Omega_Hub\Modules\Dice\Media\Smooth\d4\land-001-03.png'
00:04.062  render           | Saved: 'E:\Games\Epsilon\_retail_\Interface\AddOns\Omega_Hub\Modules\Dice\Media\Smooth\d4\land-001-04.png'
00:04.093  render           | Saved: 'E:\Games\Epsilon\_retail_\Interface\AddOns\Omega_Hub\Modules\Dice\Media\Smooth\d4\land-001-05.png'
00:04.125  render           | Saved: 'E:\Games\Epsilon\_retail_\Interface\AddOns\Omega_Hub\Modules\Dice\Media\Smooth\d4\land-001-06.png'
00:04.140  render           | Saved: 'E:\Games\Epsilon\_retail_\Interface\AddOns\Omega_Hub\Modules\Dice\Media\Smooth\d4\land-001-07.png'
00:04.172  render           | Saved: 'E:\Games\Epsilon\_retail_\Interface\AddOns\Omega_Hub\Modules\Dice\Media\Smooth\d4\land-001-08.png'
00:04.203  render           | Saved: 'E:\Games\Epsilon\_retail_\Interface\AddOns\Omega_Hub\Modules\Dice\Media\Smooth\d4\land-001-09.png'
00:04.218  render           | Saved: 'E:\Games\Epsilon\_retail_\Interface\AddOns\Omega_Hub\Modules\Dice\Media\Smooth\d4\land-001-10.png'
00:04.250  render           | Saved: 'E:\Games\Epsilon\_retail_\Interface\AddOns\Omega_Hub\Modules\Dice\Media\Smooth\d4\land-001-11.png'
00:04.281  render           | Saved: 'E:\Games\Epsilon\_retail_\Interface\AddOns\Omega_Hub\Modules\Dice\Media\Smooth\d4\land-001-12.png'
00:04.312  render           | Saved: 'E:\Games\Epsilon\_retail_\Interface\AddOns\Omega_Hub\Modules\Dice\Media\Smooth\d4\land-001-13.png'
00:04.328  render           | Saved: 'E:\Games\Epsilon\_retail_\Interface\AddOns\Omega_Hub\Modules\Dice\Media\Smooth\d4\land-001-14.png'
00:04.359  render           | Saved: 'E:\Games\Epsilon\_retail_\Interface\AddOns\Omega_Hub\Modules\Dice\Media\Smooth\d4\land-001-15.png'
00:04.375  render           | Saved: 'E:\Games\Epsilon\_retail_\Interface\AddOns\Omega_Hub\Modules\Dice\Media\Smooth\d4\land-001-16.png'
00:04.406  render           | Saved: 'E:\Games\Epsilon\_retail_\Interface\AddOns\Omega_Hub\Modules\Dice\Media\Smooth\d4\land-001-17.png'
00:04.422  render           | Saved: 'E:\Games\Epsilon\_retail_\Interface\AddOns\Omega_Hub\Modules\Dice\Media\Smooth\d4\land-001-18.png'
00:04.453  render           | Saved: 'E:\Games\Epsilon\_retail_\Interface\AddOns\Omega_Hub\Modules\Dice\Media\Smooth\d4\land-001-19.png'
00:04.484  render           | Saved: 'E:\Games\Epsilon\_retail_\Interface\AddOns\Omega_Hub\Modules\Dice\Media\Smooth\d4\land-001-20.png'
00:04.500  render           | Saved: 'E:\Games\Epsilon\_retail_\Interface\AddOns\Omega_Hub\Modules\Dice\Media\Smooth\d4\land-001-21.png'
00:04.531  render           | Saved: 'E:\Games\Epsilon\_retail_\Interface\AddOns\Omega_Hub\Modules\Dice\Media\Smooth\d4\land-001-22.png'
00:04.547  render           | Saved: 'E:\Games\Epsilon\_retail_\Interface\AddOns\Omega_Hub\Modules\Dice\Media\Smooth\d4\land-001-23.png'
00:04.578  render           | Saved: 'E:\Games\Epsilon\_retail_\Interface\AddOns\Omega_Hub\Modules\Dice\Media\Smooth\d4\land-001-24.png'
00:04.593  render           | Saved: 'E:\Games\Epsilon\_retail_\Interface\AddOns\Omega_Hub\Modules\Dice\Media\Smooth\d4\land-001-25.png'
00:04.625  render           | Saved: 'E:\Games\Epsilon\_retail_\Interface\AddOns\Omega_Hub\Modules\Dice\Media\Smooth\d4\land-001-26.png'
00:04.656  render           | Saved: 'E:\Games\Epsilon\_retail_\Interface\AddOns\Omega_Hub\Modules\Dice\Media\Smooth\d4\land-001-27.png'
00:04.672  render           | Saved: 'E:\Games\Epsilon\_retail_\Interface\AddOns\Omega_Hub\Modules\Dice\Media\Smooth\d4\land-001-28.png'
00:04.703  render           | Saved: 'E:\Games\Epsilon\_retail_\Interface\AddOns\Omega_Hub\Modules\Dice\Media\Smooth\d4\land-001-29.png'
00:04.718  render           | Saved: 'E:\Games\Epsilon\_retail_\Interface\AddOns\Omega_Hub\Modules\Dice\Media\Smooth\d4\land-001-30.png'
00:04.750  render           | Saved: 'E:\Games\Epsilon\_retail_\Interface\AddOns\Omega_Hub\Modules\Dice\Media\Smooth\d4\land-001-31.png'
00:04.765  render           | Saved: 'E:\Games\Epsilon\_retail_\Interface\AddOns\Omega_Hub\Modules\Dice\Media\Smooth\d4\land-001-32.png'
00:04.797  render           | Saved: 'E:\Games\Epsilon\_retail_\Interface\AddOns\Omega_Hub\Modules\Dice\Media\Smooth\d4\land-001-33.png'
00:04.812  render           | Saved: 'E:\Games\Epsilon\_retail_\Interface\AddOns\Omega_Hub\Modules\Dice\Media\Smooth\d4\land-001-34.png'
00:04.843  render           | Saved: 'E:\Games\Epsilon\_retail_\Interface\AddOns\Omega_Hub\Modules\Dice\Media\Smooth\d4\land-001-35.png'
00:04.875  render           | Saved: 'E:\Games\Epsilon\_retail_\Interface\AddOns\Omega_Hub\Modules\Dice\Media\Smooth\d4\land-001-36.png'
00:04.890  render           | Saved: 'E:\Games\Epsilon\_retail_\Interface\AddOns\Omega_Hub\Modules\Dice\Media\Smooth\d4\land-001-37.png'
00:04.922  render           | Saved: 'E:\Games\Epsilon\_retail_\Interface\AddOns\Omega_Hub\Modules\Dice\Media\Smooth\d4\land-001-38.png'
00:04.937  render           | Saved: 'E:\Games\Epsilon\_retail_\Interface\AddOns\Omega_Hub\Modules\Dice\Media\Smooth\d4\land-001-39.png'
00:04.968  render           | Saved: 'E:\Games\Epsilon\_retail_\Interface\AddOns\Omega_Hub\Modules\Dice\Media\Smooth\d4\land-001-40.png'
00:04.984  render           | Saved: 'E:\Games\Epsilon\_retail_\Interface\AddOns\Omega_Hub\Modules\Dice\Media\Smooth\d4\land-001-41.png'
00:05.015  render           | Saved: 'E:\Games\Epsilon\_retail_\Interface\AddOns\Omega_Hub\Modules\Dice\Media\Smooth\d4\land-001-42.png'
00:05.031  render           | Saved: 'E:\Games\Epsilon\_retail_\Interface\AddOns\Omega_Hub\Modules\Dice\Media\Smooth\d4\land-001-43.png'
00:05.062  render           | Saved: 'E:\Games\Epsilon\_retail_\Interface\AddOns\Omega_Hub\Modules\Dice\Media\Smooth\d4\land-001-44.png'
00:05.078  render           | Saved: 'E:\Games\Epsilon\_retail_\Interface\AddOns\Omega_Hub\Modules\Dice\Media\Smooth\d4\land-001-45.png'
00:05.109  render           | Saved: 'E:\Games\Epsilon\_retail_\Interface\AddOns\Omega_Hub\Modules\Dice\Media\Smooth\d4\land-001-46.png'
00:05.140  render           | Saved: 'E:\Games\Epsilon\_retail_\Interface\AddOns\Omega_Hub\Modules\Dice\Media\Smooth\d4\land-001-47.png'
00:05.156  render           | Saved: 'E:\Games\Epsilon\_retail_\Interface\AddOns\Omega_Hub\Modules\Dice\Media\Smooth\d4\land-002-00.png'
00:05.187  render           | Saved: 'E:\Games\Epsilon\_retail_\Interface\AddOns\Omega_Hub\Modules\Dice\Media\Smooth\d4\land-002-01.png'
00:05.218  render           | Saved: 'E:\Games\Epsilon\_retail_\Interface\AddOns\Omega_Hub\Modules\Dice\Media\Smooth\d4\land-002-02.png'
00:05.234  render           | Saved: 'E:\Games\Epsilon\_retail_\Interface\AddOns\Omega_Hub\Modules\Dice\Media\Smooth\d4\land-002-03.png'
00:05.265  render           | Saved: 'E:\Games\Epsilon\_retail_\Interface\AddOns\Omega_Hub\Modules\Dice\Media\Smooth\d4\land-002-04.png'
00:05.297  render           | Saved: 'E:\Games\Epsilon\_retail_\Interface\AddOns\Omega_Hub\Modules\Dice\Media\Smooth\d4\land-002-05.png'
00:05.328  render           | Saved: 'E:\Games\Epsilon\_retail_\Interface\AddOns\Omega_Hub\Modules\Dice\Media\Smooth\d4\land-002-06.png'
00:05.343  render           | Saved: 'E:\Games\Epsilon\_retail_\Interface\AddOns\Omega_Hub\Modules\Dice\Media\Smooth\d4\land-002-07.png'
00:05.375  render           | Saved: 'E:\Games\Epsilon\_retail_\Interface\AddOns\Omega_Hub\Modules\Dice\Media\Smooth\d4\land-002-08.png'
00:05.390  render           | Saved: 'E:\Games\Epsilon\_retail_\Interface\AddOns\Omega_Hub\Modules\Dice\Media\Smooth\d4\land-002-09.png'
00:05.422  render           | Saved: 'E:\Games\Epsilon\_retail_\Interface\AddOns\Omega_Hub\Modules\Dice\Media\Smooth\d4\land-002-10.png'
00:05.437  render           | Saved: 'E:\Games\Epsilon\_retail_\Interface\AddOns\Omega_Hub\Modules\Dice\Media\Smooth\d4\land-002-11.png'
00:05.468  render           | Saved: 'E:\Games\Epsilon\_retail_\Interface\AddOns\Omega_Hub\Modules\Dice\Media\Smooth\d4\land-002-12.png'
00:05.484  render           | Saved: 'E:\Games\Epsilon\_retail_\Interface\AddOns\Omega_Hub\Modules\Dice\Media\Smooth\d4\land-002-13.png'
00:05.515  render           | Saved: 'E:\Games\Epsilon\_retail_\Interface\AddOns\Omega_Hub\Modules\Dice\Media\Smooth\d4\land-002-14.png'
00:05.531  render           | Saved: 'E:\Games\Epsilon\_retail_\Interface\AddOns\Omega_Hub\Modules\Dice\Media\Smooth\d4\land-002-15.png'
00:05.562  render           | Saved: 'E:\Games\Epsilon\_retail_\Interface\AddOns\Omega_Hub\Modules\Dice\Media\Smooth\d4\land-002-16.png'
00:05.593  render           | Saved: 'E:\Games\Epsilon\_retail_\Interface\AddOns\Omega_Hub\Modules\Dice\Media\Smooth\d4\land-002-17.png'
00:05.609  render           | Saved: 'E:\Games\Epsilon\_retail_\Interface\AddOns\Omega_Hub\Modules\Dice\Media\Smooth\d4\land-002-18.png'
00:05.640  render           | Saved: 'E:\Games\Epsilon\_retail_\Interface\AddOns\Omega_Hub\Modules\Dice\Media\Smooth\d4\land-002-19.png'
00:05.672  render           | Saved: 'E:\Games\Epsilon\_retail_\Interface\AddOns\Omega_Hub\Modules\Dice\Media\Smooth\d4\land-002-20.png'
00:05.687  render           | Saved: 'E:\Games\Epsilon\_retail_\Interface\AddOns\Omega_Hub\Modules\Dice\Media\Smooth\d4\land-002-21.png'
00:05.718  render           | Saved: 'E:\Games\Epsilon\_retail_\Interface\AddOns\Omega_Hub\Modules\Dice\Media\Smooth\d4\land-002-22.png'
00:05.734  render           | Saved: 'E:\Games\Epsilon\_retail_\Interface\AddOns\Omega_Hub\Modules\Dice\Media\Smooth\d4\land-002-23.png'
00:05.750  render           | Saved: 'E:\Games\Epsilon\_retail_\Interface\AddOns\Omega_Hub\Modules\Dice\Media\Smooth\d4\land-002-24.png'
00:05.781  render           | Saved: 'E:\Games\Epsilon\_retail_\Interface\AddOns\Omega_Hub\Modules\Dice\Media\Smooth\d4\land-002-25.png'
00:05.812  render           | Saved: 'E:\Games\Epsilon\_retail_\Interface\AddOns\Omega_Hub\Modules\Dice\Media\Smooth\d4\land-002-26.png'
00:05.828  render           | Saved: 'E:\Games\Epsilon\_retail_\Interface\AddOns\Omega_Hub\Modules\Dice\Media\Smooth\d4\land-002-27.png'
00:05.859  render           | Saved: 'E:\Games\Epsilon\_retail_\Interface\AddOns\Omega_Hub\Modules\Dice\Media\Smooth\d4\land-002-28.png'
00:05.890  render           | Saved: 'E:\Games\Epsilon\_retail_\Interface\AddOns\Omega_Hub\Modules\Dice\Media\Smooth\d4\land-002-29.png'
00:05.922  render           | Saved: 'E:\Games\Epsilon\_retail_\Interface\AddOns\Omega_Hub\Modules\Dice\Media\Smooth\d4\land-002-30.png'
00:05.937  render           | Saved: 'E:\Games\Epsilon\_retail_\Interface\AddOns\Omega_Hub\Modules\Dice\Media\Smooth\d4\land-002-31.png'
00:05.968  render           | Saved: 'E:\Games\Epsilon\_retail_\Interface\AddOns\Omega_Hub\Modules\Dice\Media\Smooth\d4\land-002-32.png'
00:05.984  render           | Saved: 'E:\Games\Epsilon\_retail_\Interface\AddOns\Omega_Hub\Modules\Dice\Media\Smooth\d4\land-002-33.png'
00:06.015  render           | Saved: 'E:\Games\Epsilon\_retail_\Interface\AddOns\Omega_Hub\Modules\Dice\Media\Smooth\d4\land-002-34.png'
00:06.031  render           | Saved: 'E:\Games\Epsilon\_retail_\Interface\AddOns\Omega_Hub\Modules\Dice\Media\Smooth\d4\land-002-35.png'
00:06.062  render           | Saved: 'E:\Games\Epsilon\_retail_\Interface\AddOns\Omega_Hub\Modules\Dice\Media\Smooth\d4\land-002-36.png'
00:06.093  render           | Saved: 'E:\Games\Epsilon\_retail_\Interface\AddOns\Omega_Hub\Modules\Dice\Media\Smooth\d4\land-002-37.png'
00:06.109  render           | Saved: 'E:\Games\Epsilon\_retail_\Interface\AddOns\Omega_Hub\Modules\Dice\Media\Smooth\d4\land-002-38.png'
00:06.140  render           | Saved: 'E:\Games\Epsilon\_retail_\Interface\AddOns\Omega_Hub\Modules\Dice\Media\Smooth\d4\land-002-39.png'
00:06.156  render           | Saved: 'E:\Games\Epsilon\_retail_\Interface\AddOns\Omega_Hub\Modules\Dice\Media\Smooth\d4\land-002-40.png'
00:06.187  render           | Saved: 'E:\Games\Epsilon\_retail_\Interface\AddOns\Omega_Hub\Modules\Dice\Media\Smooth\d4\land-002-41.png'
00:06.234  render           | Saved: 'E:\Games\Epsilon\_retail_\Interface\AddOns\Omega_Hub\Modules\Dice\Media\Smooth\d4\land-002-42.png'
00:06.265  render           | Saved: 'E:\Games\Epsilon\_retail_\Interface\AddOns\Omega_Hub\Modules\Dice\Media\Smooth\d4\land-002-43.png'
00:06.281  render           | Saved: 'E:\Games\Epsilon\_retail_\Interface\AddOns\Omega_Hub\Modules\Dice\Media\Smooth\d4\land-002-44.png'
00:06.312  render           | Saved: 'E:\Games\Epsilon\_retail_\Interface\AddOns\Omega_Hub\Modules\Dice\Media\Smooth\d4\land-002-45.png'
00:06.343  render           | Saved: 'E:\Games\Epsilon\_retail_\Interface\AddOns\Omega_Hub\Modules\Dice\Media\Smooth\d4\land-002-46.png'
00:06.375  render           | Saved: 'E:\Games\Epsilon\_retail_\Interface\AddOns\Omega_Hub\Modules\Dice\Media\Smooth\d4\land-002-47.png'
00:06.406  render           | Saved: 'E:\Games\Epsilon\_retail_\Interface\AddOns\Omega_Hub\Modules\Dice\Media\Smooth\d4\land-003-00.png'
00:06.437  render           | Saved: 'E:\Games\Epsilon\_retail_\Interface\AddOns\Omega_Hub\Modules\Dice\Media\Smooth\d4\land-003-01.png'
00:06.453  render           | Saved: 'E:\Games\Epsilon\_retail_\Interface\AddOns\Omega_Hub\Modules\Dice\Media\Smooth\d4\land-003-02.png'
00:06.484  render           | Saved: 'E:\Games\Epsilon\_retail_\Interface\AddOns\Omega_Hub\Modules\Dice\Media\Smooth\d4\land-003-03.png'
00:06.515  render           | Saved: 'E:\Games\Epsilon\_retail_\Interface\AddOns\Omega_Hub\Modules\Dice\Media\Smooth\d4\land-003-04.png'
00:06.531  render           | Saved: 'E:\Games\Epsilon\_retail_\Interface\AddOns\Omega_Hub\Modules\Dice\Media\Smooth\d4\land-003-05.png'
00:06.562  render           | Saved: 'E:\Games\Epsilon\_retail_\Interface\AddOns\Omega_Hub\Modules\Dice\Media\Smooth\d4\land-003-06.png'
00:06.578  render           | Saved: 'E:\Games\Epsilon\_retail_\Interface\AddOns\Omega_Hub\Modules\Dice\Media\Smooth\d4\land-003-07.png'
00:06.609  render           | Saved: 'E:\Games\Epsilon\_retail_\Interface\AddOns\Omega_Hub\Modules\Dice\Media\Smooth\d4\land-003-08.png'
00:06.625  render           | Saved: 'E:\Games\Epsilon\_retail_\Interface\AddOns\Omega_Hub\Modules\Dice\Media\Smooth\d4\land-003-09.png'
00:06.672  render           | Saved: 'E:\Games\Epsilon\_retail_\Interface\AddOns\Omega_Hub\Modules\Dice\Media\Smooth\d4\land-003-10.png'
00:06.687  render           | Saved: 'E:\Games\Epsilon\_retail_\Interface\AddOns\Omega_Hub\Modules\Dice\Media\Smooth\d4\land-003-11.png'
00:06.703  render           | Saved: 'E:\Games\Epsilon\_retail_\Interface\AddOns\Omega_Hub\Modules\Dice\Media\Smooth\d4\land-003-12.png'
00:06.734  render           | Saved: 'E:\Games\Epsilon\_retail_\Interface\AddOns\Omega_Hub\Modules\Dice\Media\Smooth\d4\land-003-13.png'
00:06.765  render           | Saved: 'E:\Games\Epsilon\_retail_\Interface\AddOns\Omega_Hub\Modules\Dice\Media\Smooth\d4\land-003-14.png'
00:06.781  render           | Saved: 'E:\Games\Epsilon\_retail_\Interface\AddOns\Omega_Hub\Modules\Dice\Media\Smooth\d4\land-003-15.png'
00:06.797  render           | Saved: 'E:\Games\Epsilon\_retail_\Interface\AddOns\Omega_Hub\Modules\Dice\Media\Smooth\d4\land-003-16.png'
00:06.828  render           | Saved: 'E:\Games\Epsilon\_retail_\Interface\AddOns\Omega_Hub\Modules\Dice\Media\Smooth\d4\land-003-17.png'
00:06.859  render           | Saved: 'E:\Games\Epsilon\_retail_\Interface\AddOns\Omega_Hub\Modules\Dice\Media\Smooth\d4\land-003-18.png'
00:06.875  render           | Saved: 'E:\Games\Epsilon\_retail_\Interface\AddOns\Omega_Hub\Modules\Dice\Media\Smooth\d4\land-003-19.png'
00:06.906  render           | Saved: 'E:\Games\Epsilon\_retail_\Interface\AddOns\Omega_Hub\Modules\Dice\Media\Smooth\d4\land-003-20.png'
00:06.937  render           | Saved: 'E:\Games\Epsilon\_retail_\Interface\AddOns\Omega_Hub\Modules\Dice\Media\Smooth\d4\land-003-21.png'
00:06.953  render           | Saved: 'E:\Games\Epsilon\_retail_\Interface\AddOns\Omega_Hub\Modules\Dice\Media\Smooth\d4\land-003-22.png'
00:06.984  render           | Saved: 'E:\Games\Epsilon\_retail_\Interface\AddOns\Omega_Hub\Modules\Dice\Media\Smooth\d4\land-003-23.png'
00:07.015  render           | Saved: 'E:\Games\Epsilon\_retail_\Interface\AddOns\Omega_Hub\Modules\Dice\Media\Smooth\d4\land-003-24.png'
00:07.031  render           | Saved: 'E:\Games\Epsilon\_retail_\Interface\AddOns\Omega_Hub\Modules\Dice\Media\Smooth\d4\land-003-25.png'
00:07.062  render           | Saved: 'E:\Games\Epsilon\_retail_\Interface\AddOns\Omega_Hub\Modules\Dice\Media\Smooth\d4\land-003-26.png'
00:07.093  render           | Saved: 'E:\Games\Epsilon\_retail_\Interface\AddOns\Omega_Hub\Modules\Dice\Media\Smooth\d4\land-003-27.png'
00:07.125  render           | Saved: 'E:\Games\Epsilon\_retail_\Interface\AddOns\Omega_Hub\Modules\Dice\Media\Smooth\d4\land-003-28.png'
00:07.140  render           | Saved: 'E:\Games\Epsilon\_retail_\Interface\AddOns\Omega_Hub\Modules\Dice\Media\Smooth\d4\land-003-29.png'
00:07.172  render           | Saved: 'E:\Games\Epsilon\_retail_\Interface\AddOns\Omega_Hub\Modules\Dice\Media\Smooth\d4\land-003-30.png'
00:07.203  render           | Saved: 'E:\Games\Epsilon\_retail_\Interface\AddOns\Omega_Hub\Modules\Dice\Media\Smooth\d4\land-003-31.png'
00:07.234  render           | Saved: 'E:\Games\Epsilon\_retail_\Interface\AddOns\Omega_Hub\Modules\Dice\Media\Smooth\d4\land-003-32.png'
00:07.265  render           | Saved: 'E:\Games\Epsilon\_retail_\Interface\AddOns\Omega_Hub\Modules\Dice\Media\Smooth\d4\land-003-33.png'
00:07.281  render           | Saved: 'E:\Games\Epsilon\_retail_\Interface\AddOns\Omega_Hub\Modules\Dice\Media\Smooth\d4\land-003-34.png'
00:07.297  render           | Saved: 'E:\Games\Epsilon\_retail_\Interface\AddOns\Omega_Hub\Modules\Dice\Media\Smooth\d4\land-003-35.png'
00:07.328  render           | Saved: 'E:\Games\Epsilon\_retail_\Interface\AddOns\Omega_Hub\Modules\Dice\Media\Smooth\d4\land-003-36.png'
00:07.359  render           | Saved: 'E:\Games\Epsilon\_retail_\Interface\AddOns\Omega_Hub\Modules\Dice\Media\Smooth\d4\land-003-37.png'
00:07.375  render           | Saved: 'E:\Games\Epsilon\_retail_\Interface\AddOns\Omega_Hub\Modules\Dice\Media\Smooth\d4\land-003-38.png'
00:07.406  render           | Saved: 'E:\Games\Epsilon\_retail_\Interface\AddOns\Omega_Hub\Modules\Dice\Media\Smooth\d4\land-003-39.png'
00:07.422  render           | Saved: 'E:\Games\Epsilon\_retail_\Interface\AddOns\Omega_Hub\Modules\Dice\Media\Smooth\d4\land-003-40.png'
00:07.453  render           | Saved: 'E:\Games\Epsilon\_retail_\Interface\AddOns\Omega_Hub\Modules\Dice\Media\Smooth\d4\land-003-41.png'
00:07.484  render           | Saved: 'E:\Games\Epsilon\_retail_\Interface\AddOns\Omega_Hub\Modules\Dice\Media\Smooth\d4\land-003-42.png'
00:07.515  render           | Saved: 'E:\Games\Epsilon\_retail_\Interface\AddOns\Omega_Hub\Modules\Dice\Media\Smooth\d4\land-003-43.png'
00:07.531  render           | Saved: 'E:\Games\Epsilon\_retail_\Interface\AddOns\Omega_Hub\Modules\Dice\Media\Smooth\d4\land-003-44.png'
00:07.562  render           | Saved: 'E:\Games\Epsilon\_retail_\Interface\AddOns\Omega_Hub\Modules\Dice\Media\Smooth\d4\land-003-45.png'
00:07.593  render           | Saved: 'E:\Games\Epsilon\_retail_\Interface\AddOns\Omega_Hub\Modules\Dice\Media\Smooth\d4\land-003-46.png'
00:07.625  render           | Saved: 'E:\Games\Epsilon\_retail_\Interface\AddOns\Omega_Hub\Modules\Dice\Media\Smooth\d4\land-003-47.png'
00:07.640  render           | Saved: 'E:\Games\Epsilon\_retail_\Interface\AddOns\Omega_Hub\Modules\Dice\Media\Smooth\d4\land-004-00.png'
00:07.672  render           | Saved: 'E:\Games\Epsilon\_retail_\Interface\AddOns\Omega_Hub\Modules\Dice\Media\Smooth\d4\land-004-01.png'
00:07.703  render           | Saved: 'E:\Games\Epsilon\_retail_\Interface\AddOns\Omega_Hub\Modules\Dice\Media\Smooth\d4\land-004-02.png'
00:07.718  render           | Saved: 'E:\Games\Epsilon\_retail_\Interface\AddOns\Omega_Hub\Modules\Dice\Media\Smooth\d4\land-004-03.png'
00:07.750  render           | Saved: 'E:\Games\Epsilon\_retail_\Interface\AddOns\Omega_Hub\Modules\Dice\Media\Smooth\d4\land-004-04.png'
00:07.781  render           | Saved: 'E:\Games\Epsilon\_retail_\Interface\AddOns\Omega_Hub\Modules\Dice\Media\Smooth\d4\land-004-05.png'
00:07.812  render           | Saved: 'E:\Games\Epsilon\_retail_\Interface\AddOns\Omega_Hub\Modules\Dice\Media\Smooth\d4\land-004-06.png'
00:07.828  render           | Saved: 'E:\Games\Epsilon\_retail_\Interface\AddOns\Omega_Hub\Modules\Dice\Media\Smooth\d4\land-004-07.png'
00:07.859  render           | Saved: 'E:\Games\Epsilon\_retail_\Interface\AddOns\Omega_Hub\Modules\Dice\Media\Smooth\d4\land-004-08.png'
00:07.890  render           | Saved: 'E:\Games\Epsilon\_retail_\Interface\AddOns\Omega_Hub\Modules\Dice\Media\Smooth\d4\land-004-09.png'
00:07.922  render           | Saved: 'E:\Games\Epsilon\_retail_\Interface\AddOns\Omega_Hub\Modules\Dice\Media\Smooth\d4\land-004-10.png'
00:07.937  render           | Saved: 'E:\Games\Epsilon\_retail_\Interface\AddOns\Omega_Hub\Modules\Dice\Media\Smooth\d4\land-004-11.png'
00:07.968  render           | Saved: 'E:\Games\Epsilon\_retail_\Interface\AddOns\Omega_Hub\Modules\Dice\Media\Smooth\d4\land-004-12.png'
00:08.000  render           | Saved: 'E:\Games\Epsilon\_retail_\Interface\AddOns\Omega_Hub\Modules\Dice\Media\Smooth\d4\land-004-13.png'
00:08.031  render           | Saved: 'E:\Games\Epsilon\_retail_\Interface\AddOns\Omega_Hub\Modules\Dice\Media\Smooth\d4\land-004-14.png'
00:08.047  render           | Saved: 'E:\Games\Epsilon\_retail_\Interface\AddOns\Omega_Hub\Modules\Dice\Media\Smooth\d4\land-004-15.png'
00:08.078  render           | Saved: 'E:\Games\Epsilon\_retail_\Interface\AddOns\Omega_Hub\Modules\Dice\Media\Smooth\d4\land-004-16.png'
00:08.109  render           | Saved: 'E:\Games\Epsilon\_retail_\Interface\AddOns\Omega_Hub\Modules\Dice\Media\Smooth\d4\land-004-17.png'
00:08.125  render           | Saved: 'E:\Games\Epsilon\_retail_\Interface\AddOns\Omega_Hub\Modules\Dice\Media\Smooth\d4\land-004-18.png'
00:08.156  render           | Saved: 'E:\Games\Epsilon\_retail_\Interface\AddOns\Omega_Hub\Modules\Dice\Media\Smooth\d4\land-004-19.png'
00:08.187  render           | Saved: 'E:\Games\Epsilon\_retail_\Interface\AddOns\Omega_Hub\Modules\Dice\Media\Smooth\d4\land-004-20.png'
00:08.203  render           | Saved: 'E:\Games\Epsilon\_retail_\Interface\AddOns\Omega_Hub\Modules\Dice\Media\Smooth\d4\land-004-21.png'
00:08.234  render           | Saved: 'E:\Games\Epsilon\_retail_\Interface\AddOns\Omega_Hub\Modules\Dice\Media\Smooth\d4\land-004-22.png'
00:08.265  render           | Saved: 'E:\Games\Epsilon\_retail_\Interface\AddOns\Omega_Hub\Modules\Dice\Media\Smooth\d4\land-004-23.png'
00:08.297  render           | Saved: 'E:\Games\Epsilon\_retail_\Interface\AddOns\Omega_Hub\Modules\Dice\Media\Smooth\d4\land-004-24.png'
00:08.312  render           | Saved: 'E:\Games\Epsilon\_retail_\Interface\AddOns\Omega_Hub\Modules\Dice\Media\Smooth\d4\land-004-25.png'
00:08.343  render           | Saved: 'E:\Games\Epsilon\_retail_\Interface\AddOns\Omega_Hub\Modules\Dice\Media\Smooth\d4\land-004-26.png'
00:08.359  render           | Saved: 'E:\Games\Epsilon\_retail_\Interface\AddOns\Omega_Hub\Modules\Dice\Media\Smooth\d4\land-004-27.png'
00:08.390  render           | Saved: 'E:\Games\Epsilon\_retail_\Interface\AddOns\Omega_Hub\Modules\Dice\Media\Smooth\d4\land-004-28.png'
00:08.406  render           | Saved: 'E:\Games\Epsilon\_retail_\Interface\AddOns\Omega_Hub\Modules\Dice\Media\Smooth\d4\land-004-29.png'
00:08.437  render           | Saved: 'E:\Games\Epsilon\_retail_\Interface\AddOns\Omega_Hub\Modules\Dice\Media\Smooth\d4\land-004-30.png'
00:08.468  render           | Saved: 'E:\Games\Epsilon\_retail_\Interface\AddOns\Omega_Hub\Modules\Dice\Media\Smooth\d4\land-004-31.png'
00:08.500  render           | Saved: 'E:\Games\Epsilon\_retail_\Interface\AddOns\Omega_Hub\Modules\Dice\Media\Smooth\d4\land-004-32.png'
00:08.531  render           | Saved: 'E:\Games\Epsilon\_retail_\Interface\AddOns\Omega_Hub\Modules\Dice\Media\Smooth\d4\land-004-33.png'
00:08.547  render           | Saved: 'E:\Games\Epsilon\_retail_\Interface\AddOns\Omega_Hub\Modules\Dice\Media\Smooth\d4\land-004-34.png'
00:08.578  render           | Saved: 'E:\Games\Epsilon\_retail_\Interface\AddOns\Omega_Hub\Modules\Dice\Media\Smooth\d4\land-004-35.png'
00:08.609  render           | Saved: 'E:\Games\Epsilon\_retail_\Interface\AddOns\Omega_Hub\Modules\Dice\Media\Smooth\d4\land-004-36.png'
00:08.640  render           | Saved: 'E:\Games\Epsilon\_retail_\Interface\AddOns\Omega_Hub\Modules\Dice\Media\Smooth\d4\land-004-37.png'
00:08.656  render           | Saved: 'E:\Games\Epsilon\_retail_\Interface\AddOns\Omega_Hub\Modules\Dice\Media\Smooth\d4\land-004-38.png'
00:08.687  render           | Saved: 'E:\Games\Epsilon\_retail_\Interface\AddOns\Omega_Hub\Modules\Dice\Media\Smooth\d4\land-004-39.png'
00:08.718  render           | Saved: 'E:\Games\Epsilon\_retail_\Interface\AddOns\Omega_Hub\Modules\Dice\Media\Smooth\d4\land-004-40.png'
00:08.734  render           | Saved: 'E:\Games\Epsilon\_retail_\Interface\AddOns\Omega_Hub\Modules\Dice\Media\Smooth\d4\land-004-41.png'
00:08.765  render           | Saved: 'E:\Games\Epsilon\_retail_\Interface\AddOns\Omega_Hub\Modules\Dice\Media\Smooth\d4\land-004-42.png'
00:08.797  render           | Saved: 'E:\Games\Epsilon\_retail_\Interface\AddOns\Omega_Hub\Modules\Dice\Media\Smooth\d4\land-004-43.png'
00:08.812  render           | Saved: 'E:\Games\Epsilon\_retail_\Interface\AddOns\Omega_Hub\Modules\Dice\Media\Smooth\d4\land-004-44.png'
00:08.843  render           | Saved: 'E:\Games\Epsilon\_retail_\Interface\AddOns\Omega_Hub\Modules\Dice\Media\Smooth\d4\land-004-45.png'
00:08.859  render           | Saved: 'E:\Games\Epsilon\_retail_\Interface\AddOns\Omega_Hub\Modules\Dice\Media\Smooth\d4\land-004-46.png'
00:08.875  render           | Saved: 'E:\Games\Epsilon\_retail_\Interface\AddOns\Omega_Hub\Modules\Dice\Media\Smooth\d4\land-004-47.png'
Blender 5.0.1 (hash a3db93c5b259 built 2025-12-16 01:32:30)

Blender quit
